<?xml version="1.0" encoding="utf-8"?>
<TestRun id="42f73fbc-dab1-4d81-9d8c-e8728be730ba" name="@chamalsena 2026-10-07 18:06:34" xmlns="http://microsoft.com/schemas/VisualStudio/TeamTest/2010">
  <Times creation="2026-10-07T18:06:34.4694190+05:30" queuing="2026-10-07T18:06:34.4694191+05:30" start="2026-10-07T18:06:17.2864093+05:30" finish="2026-10-07T18:07:00.8649494+05:30" />
  <TestSettings name="default" id="730a87d1-eecc-4113-a7ec-544837fecf4d">
    <Deployment runDeploymentRoot="_chamalsena_2026-10-07_18_06_34" />
  </TestSettings>
  <Results>
    <UnitTestResult executionId="d8b8b3db-953e-4584-b318-9b6e4370be4c" testId="f922bc06-6cd5-5b78-caaf-4909ec9b843d" testName="api.Tests.Database.RelationshipTests.MaintenanceRecord_RequiresAnExistingVehicle" computerName="chamalsena" duration="00:00:00.2024053" startTime="2026-10-07T18:06:37.4161055+05:30" endTime="2026-10-07T18:06:37.6157119+05:30" testType="13cdc9d9-ddb5-4fa4-a97d-d965ccfc6d4b" outcome="Passed" testListId="8c84fa94-04c1-424b-9868-57a2d4851a1d" relativeResultsDirectory="d8b8b3db-953e-4584-b318-9b6e4370be4c" />
    <UnitTestResult executionId="eccce7fb-7aec-4351-b977-97cdbf9b93b5" testId="7a1d2d13-d48e-98b8-2f04-4f2c051c9f22" testName="api.Tests.Database.MigrationTests.Column_HasTheExpectedPostgresType(table: &quot;AgentWorkflows&quot;, column: &quot;ValidationJson&quot;, expectedType: &quot;jsonb&quot;)" computerName="chamalsena" duration="00:00:00.1523600" startTime="2026-10-07T18:06:38.7450015+05:30" endTime="2026-10-07T18:06:38.8976056+05:30" testType="13cdc9d9-ddb5-4fa4-a97d-d965ccfc6d4b" outcome="Passed" testListId="8c84fa94-04c1-424b-9868-57a2d4851a1d" relativeResultsDirectory="eccce7fb-7aec-4351-b977-97cdbf9b93b5" />
    <UnitTestResult executionId="626ae3e7-5e3d-4cff-a299-8b9c5d430d30" testId="eb8909fd-c565-c1a4-2868-45436d2f98f5" testName="api.Tests.Database.MigrationTests.Column_HasTheExpectedPostgresType(table: &quot;Trips&quot;, column: &quot;ScheduledTime&quot;, expectedType: &quot;timestamp with time zone&quot;)" computerName="chamalsena" duration="00:00:00.1643750" startTime="2026-10-07T18:06:39.1639440+05:30" endTime="2026-10-07T18:06:39.3285160+05:30" testType="13cdc9d9-ddb5-4fa4-a97d-d965ccfc6d4b" outcome="Passed" testListId="8c84fa94-04c1-424b-9868-57a2d4851a1d" relativeResultsDirectory="626ae3e7-5e3d-4cff-a299-8b9c5d430d30" />
    <UnitTestResult executionId="ae3a3651-1d1b-4e0b-ab43-144d73077256" testId="4914f8cf-adea-f9ec-948e-9f05490a7385" testName="api.Tests.Database.ConstraintTests.Centre_Name_LongerThan160Characters_IsRejected" computerName="chamalsena" duration="00:00:00.1134529" startTime="2026-10-07T18:06:50.0992432+05:30" endTime="2026-10-07T18:06:50.2127118+05:30" testType="13cdc9d9-ddb5-4fa4-a97d-d965ccfc6d4b" outcome="Passed" testListId="8c84fa94-04c1-424b-9868-57a2d4851a1d" relativeResultsDirectory="ae3a3651-1d1b-4e0b-ab43-144d73077256" />
    <UnitTestResult executionId="b413f3e6-90ab-4728-9696-2f3f720aabd6" testId="7a40184e-3068-aa7a-2f2d-1eae3a3acc2b" testName="api.Tests.Database.MigrationTests.Migrate_CanBeRunTwice_WithoutError" computerName="chamalsena" duration="00:00:01.1638971" startTime="2026-10-07T18:06:48.0490039+05:30" endTime="2026-10-07T18:06:49.2128596+05:30" testType="13cdc9d9-ddb5-4fa4-a97d-d965ccfc6d4b" outcome="Passed" testListId="8c84fa94-04c1-424b-9868-57a2d4851a1d" relativeResultsDirectory="b413f3e6-90ab-4728-9696-2f3f720aabd6" />
    <UnitTestResult executionId="ec41ffe9-022a-4761-beff-90bbf9146f0b" testId="d0b50606-bdf3-c0c7-9d50-52af497d45ec" testName="api.Tests.Database.RelationshipTests.DeletingABooking_KeepsItsWalletTransaction_WithNullBookingId" computerName="chamalsena" duration="00:00:00.3971099" startTime="2026-10-07T18:06:38.0316489+05:30" endTime="2026-10-07T18:06:38.4290031+05:30" testType="13cdc9d9-ddb5-4fa4-a97d-d965ccfc6d4b" outcome="Passed" testListId="8c84fa94-04c1-424b-9868-57a2d4851a1d" relativeResultsDirectory="ec41ffe9-022a-4761-beff-90bbf9146f0b" />
    <UnitTestResult executionId="9b003e86-ed22-4d2a-9ba2-dcabe92a738a" testId="e41ae035-3ace-b06f-fe28-e984b4f9b3e0" testName="api.Tests.Database.MigrationTests.Migrate_CreatesTheCoreTables" computerName="chamalsena" duration="00:00:01.2054000" startTime="2026-10-07T18:06:46.8448972+05:30" endTime="2026-10-07T18:06:48.0483496+05:30" testType="13cdc9d9-ddb5-4fa4-a97d-d965ccfc6d4b" outcome="Passed" testListId="8c84fa94-04c1-424b-9868-57a2d4851a1d" relativeResultsDirectory="9b003e86-ed22-4d2a-9ba2-dcabe92a738a" />
    <UnitTestResult executionId="7d80f98b-ac0a-459c-9c11-dccfc7bee291" testId="4eecf3cd-7c8b-271f-056a-a2ceffcda26e" testName="api.Tests.Database.MigrationTests.MoneyColumns_UseNumeric12x2(table: &quot;Wallets&quot;, column: &quot;Balance&quot;, precision: 12, scale: 2)" computerName="chamalsena" duration="00:00:00.1656831" startTime="2026-10-07T18:06:41.9984577+05:30" endTime="2026-10-07T18:06:42.1643146+05:30" testType="13cdc9d9-ddb5-4fa4-a97d-d965ccfc6d4b" outcome="Passed" testListId="8c84fa94-04c1-424b-9868-57a2d4851a1d" relativeResultsDirectory="7d80f98b-ac0a-459c-9c11-dccfc7bee291" />
    <UnitTestResult executionId="1f309ee7-6220-4421-9f9e-9eb903d748f1" testId="bbee089b-c983-bda4-8d13-3d051949b4d8" testName="api.Tests.Database.TransactionTests.FailureInsideTransaction_CanRollBackEarlierSaves" computerName="chamalsena" duration="00:00:01.0649301" startTime="2026-10-07T18:06:34.1033052+05:30" endTime="2026-10-07T18:06:35.1430508+05:30" testType="13cdc9d9-ddb5-4fa4-a97d-d965ccfc6d4b" outcome="Passed" testListId="8c84fa94-04c1-424b-9868-57a2d4851a1d" relativeResultsDirectory="1f309ee7-6220-4421-9f9e-9eb903d748f1" />
    <UnitTestResult executionId="14a58305-761f-4949-8976-f6bc6d9854ba" testId="a25b0351-8773-9f7b-9fc2-1021c88ffa37" testName="api.Tests.Database.ConstraintTests.Vehicle_WithTrips_CannotBeDeleted" computerName="chamalsena" duration="00:00:00.3096390" startTime="2026-10-07T18:06:49.4069988+05:30" endTime="2026-10-07T18:06:49.7164601+05:30" testType="13cdc9d9-ddb5-4fa4-a97d-d965ccfc6d4b" outcome="Passed" testListId="8c84fa94-04c1-424b-9868-57a2d4851a1d" relativeResultsDirectory="14a58305-761f-4949-8976-f6bc6d9854ba" />
    <UnitTestResult executionId="b4677089-e56f-4e52-a157-65ed6827bd39" testId="71fdd8c1-2e28-eb8d-81cd-fdfaca04c602" testName="api.Tests.Database.TransactionTests.CommittedTransaction_PersistsRows_ForOtherConnections" computerName="chamalsena" duration="00:00:00.2182143" startTime="2026-10-07T18:06:35.4097121+05:30" endTime="2026-10-07T18:06:35.6280878+05:30" testType="13cdc9d9-ddb5-4fa4-a97d-d965ccfc6d4b" outcome="Passed" testListId="8c84fa94-04c1-424b-9868-57a2d4851a1d" relativeResultsDirectory="b4677089-e56f-4e52-a157-65ed6827bd39" />
    <UnitTestResult executionId="61bdc994-4c98-4258-95dd-78c47ddf9b4f" testId="2107bd4c-b9eb-3ed2-ad44-9f424fee1d8e" testName="api.Tests.Database.ConstraintTests.Vehicle_PlateNumber_MustBeUnique" computerName="chamalsena" duration="00:00:00.1535598" startTime="2026-10-07T18:06:50.2134653+05:30" endTime="2026-10-07T18:06:50.3670233+05:30" testType="13cdc9d9-ddb5-4fa4-a97d-d965ccfc6d4b" outcome="Passed" testListId="8c84fa94-04c1-424b-9868-57a2d4851a1d" relativeResultsDirectory="61bdc994-4c98-4258-95dd-78c47ddf9b4f" />
    <UnitTestResult executionId="520b2d52-2beb-420b-8764-a1a5d7f33241" testId="3ed65cf0-be2c-1aeb-250d-1ed1b2e8ae60" testName="api.Tests.Database.ConstraintTests.Wallet_Balance_AboveNumeric12x2Range_IsRejected" computerName="chamalsena" duration="00:00:00.1513478" startTime="2026-10-07T18:06:51.8229762+05:30" endTime="2026-10-07T18:06:51.9753943+05:30" testType="13cdc9d9-ddb5-4fa4-a97d-d965ccfc6d4b" outcome="Passed" testListId="8c84fa94-04c1-424b-9868-57a2d4851a1d" relativeResultsDirectory="520b2d52-2beb-420b-8764-a1a5d7f33241" />
    <UnitTestResult executionId="bef6f988-fd2b-4038-8a3e-76cdf6e872df" testId="25ea74c0-1ad4-0c66-1bd6-5ed0b228c91d" testName="api.Tests.Database.MigrationTests.Column_HasTheExpectedPostgresType(table: &quot;Wallets&quot;, column: &quot;Balance&quot;, expectedType: &quot;numeric&quot;)" computerName="chamalsena" duration="00:00:00.1469929" startTime="2026-10-07T18:06:39.0160709+05:30" endTime="2026-10-07T18:06:39.1633535+05:30" testType="13cdc9d9-ddb5-4fa4-a97d-d965ccfc6d4b" outcome="Passed" testListId="8c84fa94-04c1-424b-9868-57a2d4851a1d" relativeResultsDirectory="bef6f988-fd2b-4038-8a3e-76cdf6e872df" />
    <UnitTestResult executionId="467745c0-7195-4e56-bfea-a8b063c470ff" testId="94300e19-1594-1b5a-b4fb-3f91e50c9069" testName="api.Tests.Database.ConstraintTests.Centre_Code_MustBeUnique" computerName="chamalsena" duration="00:00:00.1093436" startTime="2026-10-07T18:06:49.9891137+05:30" endTime="2026-10-07T18:06:50.0985478+05:30" testType="13cdc9d9-ddb5-4fa4-a97d-d965ccfc6d4b" outcome="Passed" testListId="8c84fa94-04c1-424b-9868-57a2d4851a1d" relativeResultsDirectory="467745c0-7195-4e56-bfea-a8b063c470ff" />
    <UnitTestResult executionId="363a5d97-c36d-47a0-87fd-b3d68a35d829" testId="6fd8cb1e-0bd2-dfda-05b2-0bdf7ea17fb9" testName="api.Tests.Database.ConstraintTests.Money_IsRoundedToTwoDecimalPlaces" computerName="chamalsena" duration="00:00:00.1126873" startTime="2026-10-07T18:06:51.7094247+05:30" endTime="2026-10-07T18:06:51.8224915+05:30" testType="13cdc9d9-ddb5-4fa4-a97d-d965ccfc6d4b" outcome="Passed" testListId="8c84fa94-04c1-424b-9868-57a2d4851a1d" relativeResultsDirectory="363a5d97-c36d-47a0-87fd-b3d68a35d829" />
    <UnitTestResult executionId="1ab98014-00ba-4b58-9c76-00b5b8ff30ed" testId="a166d197-f9c1-2a24-9984-40c2d660a356" testName="api.Tests.Database.MigrationTests.MoneyColumns_UseNumeric12x2(table: &quot;Bookings&quot;, column: &quot;Fare&quot;, precision: 12, scale: 2)" computerName="chamalsena" duration="00:00:00.1489334" startTime="2026-10-07T18:06:41.8491895+05:30" endTime="2026-10-07T18:06:41.9978988+05:30" testType="13cdc9d9-ddb5-4fa4-a97d-d965ccfc6d4b" outcome="Passed" testListId="8c84fa94-04c1-424b-9868-57a2d4851a1d" relativeResultsDirectory="1ab98014-00ba-4b58-9c76-00b5b8ff30ed" />
    <UnitTestResult executionId="cc22fef6-2bac-48b4-916a-31d0d38b4bd2" testId="93f67bd8-8c02-86d1-d6ec-474e4d55cdfd" testName="api.Tests.Database.ConstraintTests.Route_Number_IsUniquePerCentre" computerName="chamalsena" duration="00:00:00.1723072" startTime="2026-10-07T18:06:51.2279383+05:30" endTime="2026-10-07T18:06:51.3986506+05:30" testType="13cdc9d9-ddb5-4fa4-a97d-d965ccfc6d4b" outcome="Passed" testListId="8c84fa94-04c1-424b-9868-57a2d4851a1d" relativeResultsDirectory="cc22fef6-2bac-48b4-916a-31d0d38b4bd2" />
    <UnitTestResult executionId="9784b2fb-9979-4e99-8621-a7775a366bdc" testId="dc049bb4-6e95-47f7-f190-2aa18132a73b" testName="api.Tests.Database.RelationshipTests.DeletingATrip_KeepsItsIncidents_WithNullTripId" computerName="chamalsena" duration="00:00:00.2914556" startTime="2026-10-07T18:06:36.9558159+05:30" endTime="2026-10-07T18:06:37.2476527+05:30" testType="13cdc9d9-ddb5-4fa4-a97d-d965ccfc6d4b" outcome="Passed" testListId="8c84fa94-04c1-424b-9868-57a2d4851a1d" relativeResultsDirectory="9784b2fb-9979-4e99-8621-a7775a366bdc" />
    <UnitTestResult executionId="811f6d49-2b28-4bfc-a096-611b0334fa24" testId="e5bc8019-6aff-04ab-28a7-03dbc2b21fd9" testName="api.Tests.Database.ConstraintTests.Vehicle_WithUnknownCentre_IsRejected" computerName="chamalsena" duration="00:00:00.1162816" startTime="2026-10-07T18:06:49.8724348+05:30" endTime="2026-10-07T18:06:49.9886518+05:30" testType="13cdc9d9-ddb5-4fa4-a97d-d965ccfc6d4b" outcome="Passed" testListId="8c84fa94-04c1-424b-9868-57a2d4851a1d" relativeResultsDirectory="811f6d49-2b28-4bfc-a096-611b0334fa24" />
    <UnitTestResult executionId="e3d68f2e-5984-4010-b3bc-c381baad9d3c" testId="53f15f22-bc9c-30b2-bf79-d07ca9acfc53" testName="api.Tests.Database.ConstraintTests.Passenger_PhoneNumber_MustBeUnique" computerName="chamalsena" duration="00:00:00.1448029" startTime="2026-10-07T18:06:52.5513251+05:30" endTime="2026-10-07T18:06:52.6963713+05:30" testType="13cdc9d9-ddb5-4fa4-a97d-d965ccfc6d4b" outcome="Passed" testListId="8c84fa94-04c1-424b-9868-57a2d4851a1d" relativeResultsDirectory="e3d68f2e-5984-4010-b3bc-c381baad9d3c" />
    <UnitTestResult executionId="a9fa0147-2f1c-469f-bd7b-7dd9354e9f04" testId="91c68d40-e191-719a-755f-91f7125d92c8" testName="api.Tests.Database.TransactionTests.SaveChanges_IsAtomic_WhenOneRowViolatesAConstraint" computerName="chamalsena" duration="00:00:00.1763543" startTime="2026-10-07T18:06:35.6288654+05:30" endTime="2026-10-07T18:06:35.8050952+05:30" testType="13cdc9d9-ddb5-4fa4-a97d-d965ccfc6d4b" outcome="Passed" testListId="8c84fa94-04c1-424b-9868-57a2d4851a1d" relativeResultsDirectory="a9fa0147-2f1c-469f-bd7b-7dd9354e9f04" />
    <UnitTestResult executionId="5285d286-9c80-4a27-84d6-13c259bad039" testId="d01a83df-ec5f-f5be-17d3-5a9dd12892d5" testName="api.Tests.Database.MigrationTests.Column_HasTheExpectedPostgresType(table: &quot;AgentSteps&quot;, column: &quot;ToolCallsJson&quot;, expectedType: &quot;jsonb&quot;)" computerName="chamalsena" duration="00:00:00.1473140" startTime="2026-10-07T18:06:38.5964686+05:30" endTime="2026-10-07T18:06:38.7443995+05:30" testType="13cdc9d9-ddb5-4fa4-a97d-d965ccfc6d4b" outcome="Passed" testListId="8c84fa94-04c1-424b-9868-57a2d4851a1d" relativeResultsDirectory="5285d286-9c80-4a27-84d6-13c259bad039" />
    <UnitTestResult executionId="2348ce8f-f0df-4123-88e9-92db6b284901" testId="5bd318a1-660f-a5c0-47f0-cae65394b150" testName="api.Tests.Database.ConstraintTests.Passenger_WithBookings_CannotBeDeleted" computerName="chamalsena" duration="00:00:00.1455252" startTime="2026-10-07T18:06:50.8852769+05:30" endTime="2026-10-07T18:06:51.0310502+05:30" testType="13cdc9d9-ddb5-4fa4-a97d-d965ccfc6d4b" outcome="Passed" testListId="8c84fa94-04c1-424b-9868-57a2d4851a1d" relativeResultsDirectory="2348ce8f-f0df-4123-88e9-92db6b284901" />
    <UnitTestResult executionId="52bb3caf-fa48-4580-afe9-805af081ec35" testId="4b9b601f-326a-ac97-b93e-b40ed189a3d1" testName="api.Tests.Database.MigrationTests.Column_HasTheExpectedPostgresType(table: &quot;Bookings&quot;, column: &quot;Fare&quot;, expectedType: &quot;numeric&quot;)" computerName="chamalsena" duration="00:00:00.1171306" startTime="2026-10-07T18:06:38.8980028+05:30" endTime="2026-10-07T18:06:39.0155938+05:30" testType="13cdc9d9-ddb5-4fa4-a97d-d965ccfc6d4b" outcome="Passed" testListId="8c84fa94-04c1-424b-9868-57a2d4851a1d" relativeResultsDirectory="52bb3caf-fa48-4580-afe9-805af081ec35" />
    <UnitTestResult executionId="eef24e51-d9a8-4632-8f73-944d834e4492" testId="df0350fb-9e13-c0ea-c9bd-d7b36d4d97d9" testName="api.Tests.Database.RelationshipTests.Passenger_And_Wallet_AreOneToOne" computerName="chamalsena" duration="00:00:00.1602624" startTime="2026-10-07T18:06:37.8700794+05:30" endTime="2026-10-07T18:06:38.0310041+05:30" testType="13cdc9d9-ddb5-4fa4-a97d-d965ccfc6d4b" outcome="Passed" testListId="8c84fa94-04c1-424b-9868-57a2d4851a1d" relativeResultsDirectory="eef24e51-d9a8-4632-8f73-944d834e4492" />
    <UnitTestResult executionId="75b2504a-764e-4e55-842e-e687940443a7" testId="a1ecc8fa-edb5-ad7a-5e27-02179f0a787b" testName="api.Tests.Database.MigrationTests.ActiveBookingSeatIndex_IsAPartialUniqueIndex" computerName="chamalsena" duration="00:00:00.1147008" startTime="2026-10-07T18:06:41.3258894+05:30" endTime="2026-10-07T18:06:41.4410895+05:30" testType="13cdc9d9-ddb5-4fa4-a97d-d965ccfc6d4b" outcome="Passed" testListId="8c84fa94-04c1-424b-9868-57a2d4851a1d" relativeResultsDirectory="75b2504a-764e-4e55-842e-e687940443a7" />
    <UnitTestResult executionId="d1571d6c-5adf-42fc-99e9-65d7bdfacdba" testId="fd79bd53-7851-b790-e81c-c7e2b26a6454" testName="api.Tests.Database.BookingConcurrencyTests.Booking_CommitsBookingTransactionAndWalletDebitTogether" computerName="chamalsena" duration="00:00:00.3401081" startTime="2026-10-07T18:06:56.9802544+05:30" endTime="2026-10-07T18:06:57.3204431+05:30" testType="13cdc9d9-ddb5-4fa4-a97d-d965ccfc6d4b" outcome="Passed" testListId="8c84fa94-04c1-424b-9868-57a2d4851a1d" relativeResultsDirectory="d1571d6c-5adf-42fc-99e9-65d7bdfacdba" />
    <UnitTestResult executionId="0cffe1ae-6065-4645-aec7-81dd6a62dab2" testId="8d71ab71-8408-4b62-65aa-9cb858e508a6" testName="api.Tests.Database.RelationshipTests.DeletingARoute_CascadesToItsStopsAndSchedules_ButNotItsTrips" computerName="chamalsena" duration="00:00:00.3707884" startTime="2026-10-07T18:06:35.9745805+05:30" endTime="2026-10-07T18:06:36.3453131+05:30" testType="13cdc9d9-ddb5-4fa4-a97d-d965ccfc6d4b" outcome="Passed" testListId="8c84fa94-04c1-424b-9868-57a2d4851a1d" relativeResultsDirectory="0cffe1ae-6065-4645-aec7-81dd6a62dab2" />
    <UnitTestResult executionId="ecf6475a-7c4f-42da-86fa-4298465245e5" testId="15f8af10-8f8f-b314-8524-a61fad2f36ec" testName="api.Tests.Database.TransactionTests.UncommittedRows_AreInvisibleToOtherConnections" computerName="chamalsena" duration="00:00:00.1353324" startTime="2026-10-07T18:06:35.2740901+05:30" endTime="2026-10-07T18:06:35.4089027+05:30" testType="13cdc9d9-ddb5-4fa4-a97d-d965ccfc6d4b" outcome="Passed" testListId="8c84fa94-04c1-424b-9868-57a2d4851a1d" relativeResultsDirectory="ecf6475a-7c4f-42da-86fa-4298465245e5" />
    <UnitTestResult executionId="f66729e3-3bef-46de-a9df-4ae7277cb321" testId="e0f91f57-1c49-4306-66d2-e585c070154a" testName="api.Tests.Database.BookingConcurrencyTests.ParallelBookings_NeverExceedVehicleCapacity" computerName="chamalsena" duration="00:00:00.4398880" startTime="2026-10-07T18:06:57.3209283+05:30" endTime="2026-10-07T18:06:57.7609464+05:30" testType="13cdc9d9-ddb5-4fa4-a97d-d965ccfc6d4b" outcome="Passed" testListId="8c84fa94-04c1-424b-9868-57a2d4851a1d" relativeResultsDirectory="f66729e3-3bef-46de-a9df-4ae7277cb321" />
    <UnitTestResult executionId="edfaf2d5-e73b-49d3-9b38-cab94e7b1553" testId="500201db-101c-16ae-de24-3bd133be9e4b" testName="api.Tests.Database.BookingConcurrencyTests.ParallelCancellations_RefundTheBookingOnlyOnce" computerName="chamalsena" duration="00:00:00.5428075" startTime="2026-10-07T18:06:55.6780670+05:30" endTime="2026-10-07T18:06:56.2212101+05:30" testType="13cdc9d9-ddb5-4fa4-a97d-d965ccfc6d4b" outcome="Passed" testListId="8c84fa94-04c1-424b-9868-57a2d4851a1d" relativeResultsDirectory="edfaf2d5-e73b-49d3-9b38-cab94e7b1553" />
    <UnitTestResult executionId="6d45e19d-3c80-4455-9dd6-215c8e657c6f" testId="789fdfd1-c85c-0cf0-3c0b-9747b597a0fd" testName="api.Tests.Database.ConstraintTests.Driver_LicenseNumber_MustBeUnique" computerName="chamalsena" duration="00:00:00.1195213" startTime="2026-10-07T18:06:50.3677166+05:30" endTime="2026-10-07T18:06:50.4871182+05:30" testType="13cdc9d9-ddb5-4fa4-a97d-d965ccfc6d4b" outcome="Passed" testListId="8c84fa94-04c1-424b-9868-57a2d4851a1d" relativeResultsDirectory="6d45e19d-3c80-4455-9dd6-215c8e657c6f" />
    <UnitTestResult executionId="53b78e0b-f234-4f35-818d-98823ae86c42" testId="84931df7-2fbb-93e2-3378-a0a6d6a67f26" testName="api.Tests.Database.BookingConcurrencyTests.Trip_WithLocalTimeWithoutTimezone_IsStoredAsUtcInstant" computerName="chamalsena" duration="00:00:00.4464082" startTime="2026-10-07T18:06:56.2216531+05:30" endTime="2026-10-07T18:06:56.6683862+05:30" testType="13cdc9d9-ddb5-4fa4-a97d-d965ccfc6d4b" outcome="Passed" testListId="8c84fa94-04c1-424b-9868-57a2d4851a1d" relativeResultsDirectory="53b78e0b-f234-4f35-818d-98823ae86c42" />
    <UnitTestResult executionId="f68b8ec4-4c64-436c-b00b-aaf0a2565055" testId="e0074bc1-b785-a7e0-d513-2282a98c0752" testName="api.Tests.Database.BookingConcurrencyTests.ParallelBookings_ByOneWallet_CannotSpendMoreThanTheBalance" computerName="chamalsena" duration="00:00:02.6657932" startTime="2026-10-07T18:06:53.0110535+05:30" endTime="2026-10-07T18:06:55.6776381+05:30" testType="13cdc9d9-ddb5-4fa4-a97d-d965ccfc6d4b" outcome="Passed" testListId="8c84fa94-04c1-424b-9868-57a2d4851a1d" relativeResultsDirectory="f68b8ec4-4c64-436c-b00b-aaf0a2565055" />
    <UnitTestResult executionId="1eba31ca-1b93-4cab-bff5-15ac5ca7c040" testId="71c3404c-bb8d-cbae-0162-e781de789428" testName="api.Tests.Database.ConstraintTests.CancelledBooking_FreesItsSeatForANewBooking" computerName="chamalsena" duration="00:00:00.1909205" startTime="2026-10-07T18:06:49.2135341+05:30" endTime="2026-10-07T18:06:49.4058425+05:30" testType="13cdc9d9-ddb5-4fa4-a97d-d965ccfc6d4b" outcome="Passed" testListId="8c84fa94-04c1-424b-9868-57a2d4851a1d" relativeResultsDirectory="1eba31ca-1b93-4cab-bff5-15ac5ca7c040" />
    <UnitTestResult executionId="a4b59f61-1771-4683-a852-0db8acb30d28" testId="ff246be3-0450-f25c-c86c-9d6a79622f63" testName="api.Tests.Database.ConstraintTests.Bay_Code_IsUniquePerCentre_ButReusableAtAnotherCentre" computerName="chamalsena" duration="00:00:00.1806073" startTime="2026-10-07T18:06:52.6968874+05:30" endTime="2026-10-07T18:06:52.8776879+05:30" testType="13cdc9d9-ddb5-4fa4-a97d-d965ccfc6d4b" outcome="Passed" testListId="8c84fa94-04c1-424b-9868-57a2d4851a1d" relativeResultsDirectory="a4b59f61-1771-4683-a852-0db8acb30d28" />
    <UnitTestResult executionId="21f0c88d-2e4b-4b93-83a9-1b4dbc8d5e58" testId="d8139fb2-86f9-3586-6af2-d2ccad03991a" testName="api.Tests.Database.ConstraintTests.Centre_WithBays_CannotBeDeleted" computerName="chamalsena" duration="00:00:00.1932551" startTime="2026-10-07T18:06:51.0314577+05:30" endTime="2026-10-07T18:06:51.2252549+05:30" testType="13cdc9d9-ddb5-4fa4-a97d-d965ccfc6d4b" outcome="Passed" testListId="8c84fa94-04c1-424b-9868-57a2d4851a1d" relativeResultsDirectory="21f0c88d-2e4b-4b93-83a9-1b4dbc8d5e58" />
    <UnitTestResult executionId="57171195-bdaf-4b7d-af28-71f344fc3552" testId="0cc42d5d-e87a-01e5-58af-55a2b00bb14f" testName="api.Tests.Database.MigrationTests.Column_HasTheExpectedPostgresType(table: &quot;AgentWorkflows&quot;, column: &quot;PlanJson&quot;, expectedType: &quot;jsonb&quot;)" computerName="chamalsena" duration="00:00:00.1276664" startTime="2026-10-07T18:06:39.3290933+05:30" endTime="2026-10-07T18:06:39.4569732+05:30" testType="13cdc9d9-ddb5-4fa4-a97d-d965ccfc6d4b" outcome="Passed" testListId="8c84fa94-04c1-424b-9868-57a2d4851a1d" relativeResultsDirectory="57171195-bdaf-4b7d-af28-71f344fc3552" />
    <UnitTestResult executionId="5efd41c2-46ff-48ce-95af-a53f79d254ec" testId="3dd0b53d-f403-0b01-d274-ffa47eb31f6b" testName="api.Tests.Database.ConstraintTests.ActiveBookings_CannotShareASeatOnTheSameTrip" computerName="chamalsena" duration="00:00:00.2450430" startTime="2026-10-07T18:06:52.3063035+05:30" endTime="2026-10-07T18:06:52.5508436+05:30" testType="13cdc9d9-ddb5-4fa4-a97d-d965ccfc6d4b" outcome="Passed" testListId="8c84fa94-04c1-424b-9868-57a2d4851a1d" relativeResultsDirectory="5efd41c2-46ff-48ce-95af-a53f79d254ec" />
    <UnitTestResult executionId="2331e413-f10f-4c1b-b588-a1123d4e3858" testId="8d05e10f-3c3f-2171-243d-e30360522a5c" testName="api.Tests.Database.ConstraintTests.Centre_Name_Of160Characters_IsAccepted" computerName="chamalsena" duration="00:00:00.3966200" startTime="2026-10-07T18:06:50.4877860+05:30" endTime="2026-10-07T18:06:50.8849308+05:30" testType="13cdc9d9-ddb5-4fa4-a97d-d965ccfc6d4b" outcome="Passed" testListId="8c84fa94-04c1-424b-9868-57a2d4851a1d" relativeResultsDirectory="2331e413-f10f-4c1b-b588-a1123d4e3858" />
    <UnitTestResult executionId="1b44a8c8-558a-4b2f-9736-d8f69fe2244a" testId="157c18c1-c118-78dd-d479-e99937700087" testName="api.Tests.Database.MigrationTests.MoneyColumns_UseNumeric12x2(table: &quot;Transactions&quot;, column: &quot;Amount&quot;, precision: 12, scale: 2)" computerName="chamalsena" duration="00:00:00.2679923" startTime="2026-10-07T18:06:41.4418972+05:30" endTime="2026-10-07T18:06:41.7104469+05:30" testType="13cdc9d9-ddb5-4fa4-a97d-d965ccfc6d4b" outcome="Passed" testListId="8c84fa94-04c1-424b-9868-57a2d4851a1d" relativeResultsDirectory="1b44a8c8-558a-4b2f-9736-d8f69fe2244a" />
    <UnitTestResult executionId="5f44e361-29d3-4139-8c3b-589cacbf2fd4" testId="0fe235be-9924-2380-c763-1be98349e2ee" testName="api.Tests.Database.ConstraintTests.Trip_WithBookings_CannotBeDeleted" computerName="chamalsena" duration="00:00:00.1431604" startTime="2026-10-07T18:06:51.5654850+05:30" endTime="2026-10-07T18:06:51.7091271+05:30" testType="13cdc9d9-ddb5-4fa4-a97d-d965ccfc6d4b" outcome="Passed" testListId="8c84fa94-04c1-424b-9868-57a2d4851a1d" relativeResultsDirectory="5f44e361-29d3-4139-8c3b-589cacbf2fd4" />
    <UnitTestResult executionId="53789414-2af3-4c60-bb17-bf1097b36e82" testId="bdb454b7-f9c2-2b59-e176-e3d1b8de9825" testName="api.Tests.Database.RelationshipTests.UtcDateTimes_RoundTripUnchanged_ThroughTimestamptz" computerName="chamalsena" duration="00:00:00.1639297" startTime="2026-10-07T18:06:37.2481322+05:30" endTime="2026-10-07T18:06:37.4122846+05:30" testType="13cdc9d9-ddb5-4fa4-a97d-d965ccfc6d4b" outcome="Passed" testListId="8c84fa94-04c1-424b-9868-57a2d4851a1d" relativeResultsDirectory="53789414-2af3-4c60-bb17-bf1097b36e82" />
    <UnitTestResult executionId="b2eaeee1-a85b-4cc8-8c79-46a34146e4b8" testId="1c382f6e-61d8-cedb-469c-756112e0a1b3" testName="api.Tests.Database.MigrationTests.Migrate_OnEmptyDatabase_AppliesEveryMigration" computerName="chamalsena" duration="00:00:01.8676832" startTime="2026-10-07T18:06:39.4575822+05:30" endTime="2026-10-07T18:06:41.3254083+05:30" testType="13cdc9d9-ddb5-4fa4-a97d-d965ccfc6d4b" outcome="Passed" testListId="8c84fa94-04c1-424b-9868-57a2d4851a1d" relativeResultsDirectory="b2eaeee1-a85b-4cc8-8c79-46a34146e4b8" />
    <UnitTestResult executionId="70eda8a2-ba2d-4b22-bf84-f73896a6a2ac" testId="85d6703a-14c1-afe4-d503-166a83984355" testName="api.Tests.Database.RelationshipTests.SecondWallet_ForTheSamePassenger_IsRejected" computerName="chamalsena" duration="00:00:00.1623651" startTime="2026-10-07T18:06:35.8118464+05:30" endTime="2026-10-07T18:06:35.9738569+05:30" testType="13cdc9d9-ddb5-4fa4-a97d-d965ccfc6d4b" outcome="Passed" testListId="8c84fa94-04c1-424b-9868-57a2d4851a1d" relativeResultsDirectory="70eda8a2-ba2d-4b22-bf84-f73896a6a2ac" />
    <UnitTestResult executionId="7bff2bee-8242-479d-88ed-7a8443f88331" testId="8bfd9d44-d116-e1af-388b-1a85ea273b6b" testName="api.Tests.Database.MigrationTests.MoneyColumns_UseNumeric12x2(table: &quot;FareRules&quot;, column: &quot;Amount&quot;, precision: 12, scale: 2)" computerName="chamalsena" duration="00:00:00.1372686" startTime="2026-10-07T18:06:41.7113766+05:30" endTime="2026-10-07T18:06:41.8486269+05:30" testType="13cdc9d9-ddb5-4fa4-a97d-d965ccfc6d4b" outcome="Passed" testListId="8c84fa94-04c1-424b-9868-57a2d4851a1d" relativeResultsDirectory="7bff2bee-8242-479d-88ed-7a8443f88331" />
    <UnitTestResult executionId="d986882e-dcb7-4c17-99b6-23c5646976bb" testId="179b161b-cf98-00a5-700e-07c2d5414726" testName="api.Tests.Database.BookingConcurrencyTests.RejectedBooking_LeavesWalletAndTablesUntouched" computerName="chamalsena" duration="00:00:00.3107537" startTime="2026-10-07T18:06:56.6688527+05:30" endTime="2026-10-07T18:06:56.9798199+05:30" testType="13cdc9d9-ddb5-4fa4-a97d-d965ccfc6d4b" outcome="Passed" testListId="8c84fa94-04c1-424b-9868-57a2d4851a1d" relativeResultsDirectory="d986882e-dcb7-4c17-99b6-23c5646976bb" />
    <UnitTestResult executionId="93fa4db0-a5fe-4fab-a1be-0996ef7ac2a5" testId="dad89dd6-3e6b-1085-7471-c309001f1edb" testName="api.Tests.Database.ConstraintTests.Centre_Name_CannotBeNull" computerName="chamalsena" duration="00:00:00.1321868" startTime="2026-10-07T18:06:52.8781761+05:30" endTime="2026-10-07T18:06:53.0106781+05:30" testType="13cdc9d9-ddb5-4fa4-a97d-d965ccfc6d4b" outcome="Passed" testListId="8c84fa94-04c1-424b-9868-57a2d4851a1d" relativeResultsDirectory="93fa4db0-a5fe-4fab-a1be-0996ef7ac2a5" />
    <UnitTestResult executionId="397010a6-7c8b-493e-a239-69633985454b" testId="f571f111-38b0-b739-8cd8-234550de1934" testName="api.Tests.Database.TransactionTests.RolledBackTransaction_LeavesNoRows" computerName="chamalsena" duration="00:00:01.2204501" startTime="2026-10-07T18:06:32.8903225+05:30" endTime="2026-10-07T18:06:34.0735524+05:30" testType="13cdc9d9-ddb5-4fa4-a97d-d965ccfc6d4b" outcome="Passed" testListId="8c84fa94-04c1-424b-9868-57a2d4851a1d" relativeResultsDirectory="397010a6-7c8b-493e-a239-69633985454b" />
    <UnitTestResult executionId="50c95aed-963a-4256-86c7-6980b4de291a" testId="aaa227a3-682b-5bb3-5d69-cfa90510294c" testName="api.Tests.Database.RelationshipTests.Enums_AreStoredAndReadBack" computerName="chamalsena" duration="00:00:00.1652861" startTime="2026-10-07T18:06:38.4297221+05:30" endTime="2026-10-07T18:06:38.5951610+05:30" testType="13cdc9d9-ddb5-4fa4-a97d-d965ccfc6d4b" outcome="Passed" testListId="8c84fa94-04c1-424b-9868-57a2d4851a1d" relativeResultsDirectory="50c95aed-963a-4256-86c7-6980b4de291a" />
    <UnitTestResult executionId="7eda8988-1445-451e-af0b-685ccc3d17c1" testId="01348ea3-748d-17d8-a9e0-f987aa938174" testName="api.Tests.Database.ConstraintTests.FareRule_AllowsOnlyOneRulePerRoute" computerName="chamalsena" duration="00:00:00.3282405" startTime="2026-10-07T18:06:51.9760323+05:30" endTime="2026-10-07T18:06:52.3052299+05:30" testType="13cdc9d9-ddb5-4fa4-a97d-d965ccfc6d4b" outcome="Passed" testListId="8c84fa94-04c1-424b-9868-57a2d4851a1d" relativeResultsDirectory="7eda8988-1445-451e-af0b-685ccc3d17c1" />
    <UnitTestResult executionId="7d31dd95-905e-4923-95ba-e3e1a0b3461d" testId="3832c9ac-eb52-5343-3646-a7d78142b701" testName="api.Tests.Database.TransactionTests.TwoContexts_UpdatingTheSameRow_BothSucceed_LastWriteWins" computerName="chamalsena" duration="00:00:00.1290848" startTime="2026-10-07T18:06:35.1448435+05:30" endTime="2026-10-07T18:06:35.2728974+05:30" testType="13cdc9d9-ddb5-4fa4-a97d-d965ccfc6d4b" outcome="Passed" testListId="8c84fa94-04c1-424b-9868-57a2d4851a1d" relativeResultsDirectory="7d31dd95-905e-4923-95ba-e3e1a0b3461d" />
    <UnitTestResult executionId="0f67a29d-b6c5-4a12-8346-6bb87d5d3f95" testId="b79c6e0f-0e32-8a1a-86a8-e0a2476c8d27" testName="api.Tests.Database.RelationshipTests.Centre_ExposesItsBaysRoutesAndVehicles" computerName="chamalsena" duration="00:00:00.2816104" startTime="2026-10-07T18:06:36.6735808+05:30" endTime="2026-10-07T18:06:36.9552453+05:30" testType="13cdc9d9-ddb5-4fa4-a97d-d965ccfc6d4b" outcome="Passed" testListId="8c84fa94-04c1-424b-9868-57a2d4851a1d" relativeResultsDirectory="0f67a29d-b6c5-4a12-8346-6bb87d5d3f95" />
    <UnitTestResult executionId="98e8e3ed-292c-40bc-a1cc-3f34b45f01e8" testId="f0ae9830-c38e-39d4-4d3a-331c4a04cbf4" testName="api.Tests.Database.ConstraintTests.Booking_WithUnknownPassenger_IsRejected" computerName="chamalsena" duration="00:00:00.1656926" startTime="2026-10-07T18:06:51.3993888+05:30" endTime="2026-10-07T18:06:51.5651618+05:30" testType="13cdc9d9-ddb5-4fa4-a97d-d965ccfc6d4b" outcome="Passed" testListId="8c84fa94-04c1-424b-9868-57a2d4851a1d" relativeResultsDirectory="98e8e3ed-292c-40bc-a1cc-3f34b45f01e8" />
    <UnitTestResult executionId="4955fed3-80d5-489c-bd72-600b6302acf0" testId="fcdcd6e1-1a43-fa95-dd65-c9c58bb52b35" testName="api.Tests.Database.RelationshipTests.Trip_LoadsItsFullAssignmentGraph" computerName="chamalsena" duration="00:00:00.3266864" startTime="2026-10-07T18:06:36.3457900+05:30" endTime="2026-10-07T18:06:36.6728847+05:30" testType="13cdc9d9-ddb5-4fa4-a97d-d965ccfc6d4b" outcome="Passed" testListId="8c84fa94-04c1-424b-9868-57a2d4851a1d" relativeResultsDirectory="4955fed3-80d5-489c-bd72-600b6302acf0" />
    <UnitTestResult executionId="02a4e436-7a18-4500-93bc-89127277f33b" testId="b0d7f573-89f7-f7f4-798d-1b4b7bdcba99" testName="api.Tests.Database.MigrationTests.Model_MatchesTheLatestMigrationSnapshot" computerName="chamalsena" duration="00:00:00.5991027" startTime="2026-10-07T18:06:42.1647650+05:30" endTime="2026-10-07T18:06:42.7640841+05:30" testType="13cdc9d9-ddb5-4fa4-a97d-d965ccfc6d4b" outcome="Passed" testListId="8c84fa94-04c1-424b-9868-57a2d4851a1d" relativeResultsDirectory="02a4e436-7a18-4500-93bc-89127277f33b" />
    <UnitTestResult executionId="b9320661-e38a-453c-9493-8ea4572c08c3" testId="f20cf52b-af7c-8e7f-7438-f5ad53bcb97c" testName="api.Tests.Database.RelationshipTests.DeletingAPassengerWithoutBookings_CascadesToWalletAndTransactions" computerName="chamalsena" duration="00:00:00.2529757" startTime="2026-10-07T18:06:37.6164043+05:30" endTime="2026-10-07T18:06:37.8695776+05:30" testType="13cdc9d9-ddb5-4fa4-a97d-d965ccfc6d4b" outcome="Passed" testListId="8c84fa94-04c1-424b-9868-57a2d4851a1d" relativeResultsDirectory="b9320661-e38a-453c-9493-8ea4572c08c3" />
    <UnitTestResult executionId="48b29a10-4e24-4f14-8bbb-831d1302e602" testId="b1c5498a-96e9-1cc0-1bfe-36adcc32683a" testName="api.Tests.Database.MigrationTests.Migrate_BackToZero_AndForwardAgain_Works" computerName="chamalsena" duration="00:00:04.0766699" startTime="2026-10-07T18:06:42.7648602+05:30" endTime="2026-10-07T18:06:46.8421454+05:30" testType="13cdc9d9-ddb5-4fa4-a97d-d965ccfc6d4b" outcome="Passed" testListId="8c84fa94-04c1-424b-9868-57a2d4851a1d" relativeResultsDirectory="48b29a10-4e24-4f14-8bbb-831d1302e602" />
    <UnitTestResult executionId="a4678b61-e70c-4378-a374-6c69ee81236e" testId="b864c19f-7d94-fa33-222b-4ae4a981ff76" testName="api.Tests.Database.ConstraintTests.Trip_WithUnknownVehicle_IsRejected" computerName="chamalsena" duration="00:00:00.1547015" startTime="2026-10-07T18:06:49.7171931+05:30" endTime="2026-10-07T18:06:49.8717005+05:30" testType="13cdc9d9-ddb5-4fa4-a97d-d965ccfc6d4b" outcome="Passed" testListId="8c84fa94-04c1-424b-9868-57a2d4851a1d" relativeResultsDirectory="a4678b61-e70c-4378-a374-6c69ee81236e" />
  </Results>
  <TestDefinitions>
    <UnitTest name="api.Tests.Database.RelationshipTests.DeletingABooking_KeepsItsWalletTransaction_WithNullBookingId" storage="/home/chamal/dev/uptslk/apps/api.tests/bin/debug/net8.0/api.tests.dll" id="d0b50606-bdf3-c0c7-9d50-52af497d45ec">
      <Execution id="ec41ffe9-022a-4761-beff-90bbf9146f0b" />
      <TestMethod codeBase="/home/chamal/dev/uptslk/apps/api.Tests/bin/Debug/net8.0/api.Tests.dll" adapterTypeName="executor://xunit/VsTestRunner3/netcore/" className="api.Tests.Database.RelationshipTests" name="DeletingABooking_KeepsItsWalletTransaction_WithNullBookingId" />
    </UnitTest>
    <UnitTest name="api.Tests.Database.ConstraintTests.Trip_WithBookings_CannotBeDeleted" storage="/home/chamal/dev/uptslk/apps/api.tests/bin/debug/net8.0/api.tests.dll" id="0fe235be-9924-2380-c763-1be98349e2ee">
      <Execution id="5f44e361-29d3-4139-8c3b-589cacbf2fd4" />
      <TestMethod codeBase="/home/chamal/dev/uptslk/apps/api.Tests/bin/Debug/net8.0/api.Tests.dll" adapterTypeName="executor://xunit/VsTestRunner3/netcore/" className="api.Tests.Database.ConstraintTests" name="Trip_WithBookings_CannotBeDeleted" />
    </UnitTest>
    <UnitTest name="api.Tests.Database.ConstraintTests.Centre_Name_Of160Characters_IsAccepted" storage="/home/chamal/dev/uptslk/apps/api.tests/bin/debug/net8.0/api.tests.dll" id="8d05e10f-3c3f-2171-243d-e30360522a5c">
      <Execution id="2331e413-f10f-4c1b-b588-a1123d4e3858" />
      <TestMethod codeBase="/home/chamal/dev/uptslk/apps/api.Tests/bin/Debug/net8.0/api.Tests.dll" adapterTypeName="executor://xunit/VsTestRunner3/netcore/" className="api.Tests.Database.ConstraintTests" name="Centre_Name_Of160Characters_IsAccepted" />
    </UnitTest>
    <UnitTest name="api.Tests.Database.BookingConcurrencyTests.RejectedBooking_LeavesWalletAndTablesUntouched" storage="/home/chamal/dev/uptslk/apps/api.tests/bin/debug/net8.0/api.tests.dll" id="179b161b-cf98-00a5-700e-07c2d5414726">
      <Execution id="d986882e-dcb7-4c17-99b6-23c5646976bb" />
      <TestMethod codeBase="/home/chamal/dev/uptslk/apps/api.Tests/bin/Debug/net8.0/api.Tests.dll" adapterTypeName="executor://xunit/VsTestRunner3/netcore/" className="api.Tests.Database.BookingConcurrencyTests" name="RejectedBooking_LeavesWalletAndTablesUntouched" />
    </UnitTest>
    <UnitTest name="api.Tests.Database.ConstraintTests.Vehicle_WithTrips_CannotBeDeleted" storage="/home/chamal/dev/uptslk/apps/api.tests/bin/debug/net8.0/api.tests.dll" id="a25b0351-8773-9f7b-9fc2-1021c88ffa37">
      <Execution id="14a58305-761f-4949-8976-f6bc6d9854ba" />
      <TestMethod codeBase="/home/chamal/dev/uptslk/apps/api.Tests/bin/Debug/net8.0/api.Tests.dll" adapterTypeName="executor://xunit/VsTestRunner3/netcore/" className="api.Tests.Database.ConstraintTests" name="Vehicle_WithTrips_CannotBeDeleted" />
    </UnitTest>
    <UnitTest name="api.Tests.Database.ConstraintTests.Route_Number_IsUniquePerCentre" storage="/home/chamal/dev/uptslk/apps/api.tests/bin/debug/net8.0/api.tests.dll" id="93f67bd8-8c02-86d1-d6ec-474e4d55cdfd">
      <Execution id="cc22fef6-2bac-48b4-916a-31d0d38b4bd2" />
      <TestMethod codeBase="/home/chamal/dev/uptslk/apps/api.Tests/bin/Debug/net8.0/api.Tests.dll" adapterTypeName="executor://xunit/VsTestRunner3/netcore/" className="api.Tests.Database.ConstraintTests" name="Route_Number_IsUniquePerCentre" />
    </UnitTest>
    <UnitTest name="api.Tests.Database.MigrationTests.MoneyColumns_UseNumeric12x2(table: &quot;Transactions&quot;, column: &quot;Amount&quot;, precision: 12, scale: 2)" storage="/home/chamal/dev/uptslk/apps/api.tests/bin/debug/net8.0/api.tests.dll" id="157c18c1-c118-78dd-d479-e99937700087">
      <Execution id="1b44a8c8-558a-4b2f-9736-d8f69fe2244a" />
      <TestMethod codeBase="/home/chamal/dev/uptslk/apps/api.Tests/bin/Debug/net8.0/api.Tests.dll" adapterTypeName="executor://xunit/VsTestRunner3/netcore/" className="api.Tests.Database.MigrationTests" name="MoneyColumns_UseNumeric12x2" />
    </UnitTest>
    <UnitTest name="api.Tests.Database.BookingConcurrencyTests.ParallelCancellations_RefundTheBookingOnlyOnce" storage="/home/chamal/dev/uptslk/apps/api.tests/bin/debug/net8.0/api.tests.dll" id="500201db-101c-16ae-de24-3bd133be9e4b">
      <Execution id="edfaf2d5-e73b-49d3-9b38-cab94e7b1553" />
      <TestMethod codeBase="/home/chamal/dev/uptslk/apps/api.Tests/bin/Debug/net8.0/api.Tests.dll" adapterTypeName="executor://xunit/VsTestRunner3/netcore/" className="api.Tests.Database.BookingConcurrencyTests" name="ParallelCancellations_RefundTheBookingOnlyOnce" />
    </UnitTest>
    <UnitTest name="api.Tests.Database.MigrationTests.Column_HasTheExpectedPostgresType(table: &quot;AgentSteps&quot;, column: &quot;ToolCallsJson&quot;, expectedType: &quot;jsonb&quot;)" storage="/home/chamal/dev/uptslk/apps/api.tests/bin/debug/net8.0/api.tests.dll" id="d01a83df-ec5f-f5be-17d3-5a9dd12892d5">
      <Execution id="5285d286-9c80-4a27-84d6-13c259bad039" />
      <TestMethod codeBase="/home/chamal/dev/uptslk/apps/api.Tests/bin/Debug/net8.0/api.Tests.dll" adapterTypeName="executor://xunit/VsTestRunner3/netcore/" className="api.Tests.Database.MigrationTests" name="Column_HasTheExpectedPostgresType" />
    </UnitTest>
    <UnitTest name="api.Tests.Database.MigrationTests.MoneyColumns_UseNumeric12x2(table: &quot;FareRules&quot;, column: &quot;Amount&quot;, precision: 12, scale: 2)" storage="/home/chamal/dev/uptslk/apps/api.tests/bin/debug/net8.0/api.tests.dll" id="8bfd9d44-d116-e1af-388b-1a85ea273b6b">
      <Execution id="7bff2bee-8242-479d-88ed-7a8443f88331" />
      <TestMethod codeBase="/home/chamal/dev/uptslk/apps/api.Tests/bin/Debug/net8.0/api.Tests.dll" adapterTypeName="executor://xunit/VsTestRunner3/netcore/" className="api.Tests.Database.MigrationTests" name="MoneyColumns_UseNumeric12x2" />
    </UnitTest>
    <UnitTest name="api.Tests.Database.TransactionTests.CommittedTransaction_PersistsRows_ForOtherConnections" storage="/home/chamal/dev/uptslk/apps/api.tests/bin/debug/net8.0/api.tests.dll" id="71fdd8c1-2e28-eb8d-81cd-fdfaca04c602">
      <Execution id="b4677089-e56f-4e52-a157-65ed6827bd39" />
      <TestMethod codeBase="/home/chamal/dev/uptslk/apps/api.Tests/bin/Debug/net8.0/api.Tests.dll" adapterTypeName="executor://xunit/VsTestRunner3/netcore/" className="api.Tests.Database.TransactionTests" name="CommittedTransaction_PersistsRows_ForOtherConnections" />
    </UnitTest>
    <UnitTest name="api.Tests.Database.TransactionTests.UncommittedRows_AreInvisibleToOtherConnections" storage="/home/chamal/dev/uptslk/apps/api.tests/bin/debug/net8.0/api.tests.dll" id="15f8af10-8f8f-b314-8524-a61fad2f36ec">
      <Execution id="ecf6475a-7c4f-42da-86fa-4298465245e5" />
      <TestMethod codeBase="/home/chamal/dev/uptslk/apps/api.Tests/bin/Debug/net8.0/api.Tests.dll" adapterTypeName="executor://xunit/VsTestRunner3/netcore/" className="api.Tests.Database.TransactionTests" name="UncommittedRows_AreInvisibleToOtherConnections" />
    </UnitTest>
    <UnitTest name="api.Tests.Database.TransactionTests.RolledBackTransaction_LeavesNoRows" storage="/home/chamal/dev/uptslk/apps/api.tests/bin/debug/net8.0/api.tests.dll" id="f571f111-38b0-b739-8cd8-234550de1934">
      <Execution id="397010a6-7c8b-493e-a239-69633985454b" />
      <TestMethod codeBase="/home/chamal/dev/uptslk/apps/api.Tests/bin/Debug/net8.0/api.Tests.dll" adapterTypeName="executor://xunit/VsTestRunner3/netcore/" className="api.Tests.Database.TransactionTests" name="RolledBackTransaction_LeavesNoRows" />
    </UnitTest>
    <UnitTest name="api.Tests.Database.ConstraintTests.Vehicle_PlateNumber_MustBeUnique" storage="/home/chamal/dev/uptslk/apps/api.tests/bin/debug/net8.0/api.tests.dll" id="2107bd4c-b9eb-3ed2-ad44-9f424fee1d8e">
      <Execution id="61bdc994-4c98-4258-95dd-78c47ddf9b4f" />
      <TestMethod codeBase="/home/chamal/dev/uptslk/apps/api.Tests/bin/Debug/net8.0/api.Tests.dll" adapterTypeName="executor://xunit/VsTestRunner3/netcore/" className="api.Tests.Database.ConstraintTests" name="Vehicle_PlateNumber_MustBeUnique" />
    </UnitTest>
    <UnitTest name="api.Tests.Database.ConstraintTests.Centre_Code_MustBeUnique" storage="/home/chamal/dev/uptslk/apps/api.tests/bin/debug/net8.0/api.tests.dll" id="94300e19-1594-1b5a-b4fb-3f91e50c9069">
      <Execution id="467745c0-7195-4e56-bfea-a8b063c470ff" />
      <TestMethod codeBase="/home/chamal/dev/uptslk/apps/api.Tests/bin/Debug/net8.0/api.Tests.dll" adapterTypeName="executor://xunit/VsTestRunner3/netcore/" className="api.Tests.Database.ConstraintTests" name="Centre_Code_MustBeUnique" />
    </UnitTest>
    <UnitTest name="api.Tests.Database.ConstraintTests.Money_IsRoundedToTwoDecimalPlaces" storage="/home/chamal/dev/uptslk/apps/api.tests/bin/debug/net8.0/api.tests.dll" id="6fd8cb1e-0bd2-dfda-05b2-0bdf7ea17fb9">
      <Execution id="363a5d97-c36d-47a0-87fd-b3d68a35d829" />
      <TestMethod codeBase="/home/chamal/dev/uptslk/apps/api.Tests/bin/Debug/net8.0/api.Tests.dll" adapterTypeName="executor://xunit/VsTestRunner3/netcore/" className="api.Tests.Database.ConstraintTests" name="Money_IsRoundedToTwoDecimalPlaces" />
    </UnitTest>
    <UnitTest name="api.Tests.Database.MigrationTests.Migrate_CreatesTheCoreTables" storage="/home/chamal/dev/uptslk/apps/api.tests/bin/debug/net8.0/api.tests.dll" id="e41ae035-3ace-b06f-fe28-e984b4f9b3e0">
      <Execution id="9b003e86-ed22-4d2a-9ba2-dcabe92a738a" />
      <TestMethod codeBase="/home/chamal/dev/uptslk/apps/api.Tests/bin/Debug/net8.0/api.Tests.dll" adapterTypeName="executor://xunit/VsTestRunner3/netcore/" className="api.Tests.Database.MigrationTests" name="Migrate_CreatesTheCoreTables" />
    </UnitTest>
    <UnitTest name="api.Tests.Database.RelationshipTests.Trip_LoadsItsFullAssignmentGraph" storage="/home/chamal/dev/uptslk/apps/api.tests/bin/debug/net8.0/api.tests.dll" id="fcdcd6e1-1a43-fa95-dd65-c9c58bb52b35">
      <Execution id="4955fed3-80d5-489c-bd72-600b6302acf0" />
      <TestMethod codeBase="/home/chamal/dev/uptslk/apps/api.Tests/bin/Debug/net8.0/api.Tests.dll" adapterTypeName="executor://xunit/VsTestRunner3/netcore/" className="api.Tests.Database.RelationshipTests" name="Trip_LoadsItsFullAssignmentGraph" />
    </UnitTest>
    <UnitTest name="api.Tests.Database.ConstraintTests.Wallet_Balance_AboveNumeric12x2Range_IsRejected" storage="/home/chamal/dev/uptslk/apps/api.tests/bin/debug/net8.0/api.tests.dll" id="3ed65cf0-be2c-1aeb-250d-1ed1b2e8ae60">
      <Execution id="520b2d52-2beb-420b-8764-a1a5d7f33241" />
      <TestMethod codeBase="/home/chamal/dev/uptslk/apps/api.Tests/bin/Debug/net8.0/api.Tests.dll" adapterTypeName="executor://xunit/VsTestRunner3/netcore/" className="api.Tests.Database.ConstraintTests" name="Wallet_Balance_AboveNumeric12x2Range_IsRejected" />
    </UnitTest>
    <UnitTest name="api.Tests.Database.TransactionTests.SaveChanges_IsAtomic_WhenOneRowViolatesAConstraint" storage="/home/chamal/dev/uptslk/apps/api.tests/bin/debug/net8.0/api.tests.dll" id="91c68d40-e191-719a-755f-91f7125d92c8">
      <Execution id="a9fa0147-2f1c-469f-bd7b-7dd9354e9f04" />
      <TestMethod codeBase="/home/chamal/dev/uptslk/apps/api.Tests/bin/Debug/net8.0/api.Tests.dll" adapterTypeName="executor://xunit/VsTestRunner3/netcore/" className="api.Tests.Database.TransactionTests" name="SaveChanges_IsAtomic_WhenOneRowViolatesAConstraint" />
    </UnitTest>
    <UnitTest name="api.Tests.Database.ConstraintTests.Centre_WithBays_CannotBeDeleted" storage="/home/chamal/dev/uptslk/apps/api.tests/bin/debug/net8.0/api.tests.dll" id="d8139fb2-86f9-3586-6af2-d2ccad03991a">
      <Execution id="21f0c88d-2e4b-4b93-83a9-1b4dbc8d5e58" />
      <TestMethod codeBase="/home/chamal/dev/uptslk/apps/api.Tests/bin/Debug/net8.0/api.Tests.dll" adapterTypeName="executor://xunit/VsTestRunner3/netcore/" className="api.Tests.Database.ConstraintTests" name="Centre_WithBays_CannotBeDeleted" />
    </UnitTest>
    <UnitTest name="api.Tests.Database.RelationshipTests.Enums_AreStoredAndReadBack" storage="/home/chamal/dev/uptslk/apps/api.tests/bin/debug/net8.0/api.tests.dll" id="aaa227a3-682b-5bb3-5d69-cfa90510294c">
      <Execution id="50c95aed-963a-4256-86c7-6980b4de291a" />
      <TestMethod codeBase="/home/chamal/dev/uptslk/apps/api.Tests/bin/Debug/net8.0/api.Tests.dll" adapterTypeName="executor://xunit/VsTestRunner3/netcore/" className="api.Tests.Database.RelationshipTests" name="Enums_AreStoredAndReadBack" />
    </UnitTest>
    <UnitTest name="api.Tests.Database.BookingConcurrencyTests.ParallelBookings_ByOneWallet_CannotSpendMoreThanTheBalance" storage="/home/chamal/dev/uptslk/apps/api.tests/bin/debug/net8.0/api.tests.dll" id="e0074bc1-b785-a7e0-d513-2282a98c0752">
      <Execution id="f68b8ec4-4c64-436c-b00b-aaf0a2565055" />
      <TestMethod codeBase="/home/chamal/dev/uptslk/apps/api.Tests/bin/Debug/net8.0/api.Tests.dll" adapterTypeName="executor://xunit/VsTestRunner3/netcore/" className="api.Tests.Database.BookingConcurrencyTests" name="ParallelBookings_ByOneWallet_CannotSpendMoreThanTheBalance" />
    </UnitTest>
    <UnitTest name="api.Tests.Database.ConstraintTests.Driver_LicenseNumber_MustBeUnique" storage="/home/chamal/dev/uptslk/apps/api.tests/bin/debug/net8.0/api.tests.dll" id="789fdfd1-c85c-0cf0-3c0b-9747b597a0fd">
      <Execution id="6d45e19d-3c80-4455-9dd6-215c8e657c6f" />
      <TestMethod codeBase="/home/chamal/dev/uptslk/apps/api.Tests/bin/Debug/net8.0/api.Tests.dll" adapterTypeName="executor://xunit/VsTestRunner3/netcore/" className="api.Tests.Database.ConstraintTests" name="Driver_LicenseNumber_MustBeUnique" />
    </UnitTest>
    <UnitTest name="api.Tests.Database.MigrationTests.ActiveBookingSeatIndex_IsAPartialUniqueIndex" storage="/home/chamal/dev/uptslk/apps/api.tests/bin/debug/net8.0/api.tests.dll" id="a1ecc8fa-edb5-ad7a-5e27-02179f0a787b">
      <Execution id="75b2504a-764e-4e55-842e-e687940443a7" />
      <TestMethod codeBase="/home/chamal/dev/uptslk/apps/api.Tests/bin/Debug/net8.0/api.Tests.dll" adapterTypeName="executor://xunit/VsTestRunner3/netcore/" className="api.Tests.Database.MigrationTests" name="ActiveBookingSeatIndex_IsAPartialUniqueIndex" />
    </UnitTest>
    <UnitTest name="api.Tests.Database.ConstraintTests.ActiveBookings_CannotShareASeatOnTheSameTrip" storage="/home/chamal/dev/uptslk/apps/api.tests/bin/debug/net8.0/api.tests.dll" id="3dd0b53d-f403-0b01-d274-ffa47eb31f6b">
      <Execution id="5efd41c2-46ff-48ce-95af-a53f79d254ec" />
      <TestMethod codeBase="/home/chamal/dev/uptslk/apps/api.Tests/bin/Debug/net8.0/api.Tests.dll" adapterTypeName="executor://xunit/VsTestRunner3/netcore/" className="api.Tests.Database.ConstraintTests" name="ActiveBookings_CannotShareASeatOnTheSameTrip" />
    </UnitTest>
    <UnitTest name="api.Tests.Database.RelationshipTests.DeletingATrip_KeepsItsIncidents_WithNullTripId" storage="/home/chamal/dev/uptslk/apps/api.tests/bin/debug/net8.0/api.tests.dll" id="dc049bb4-6e95-47f7-f190-2aa18132a73b">
      <Execution id="9784b2fb-9979-4e99-8621-a7775a366bdc" />
      <TestMethod codeBase="/home/chamal/dev/uptslk/apps/api.Tests/bin/Debug/net8.0/api.Tests.dll" adapterTypeName="executor://xunit/VsTestRunner3/netcore/" className="api.Tests.Database.RelationshipTests" name="DeletingATrip_KeepsItsIncidents_WithNullTripId" />
    </UnitTest>
    <UnitTest name="api.Tests.Database.RelationshipTests.SecondWallet_ForTheSamePassenger_IsRejected" storage="/home/chamal/dev/uptslk/apps/api.tests/bin/debug/net8.0/api.tests.dll" id="85d6703a-14c1-afe4-d503-166a83984355">
      <Execution id="70eda8a2-ba2d-4b22-bf84-f73896a6a2ac" />
      <TestMethod codeBase="/home/chamal/dev/uptslk/apps/api.Tests/bin/Debug/net8.0/api.Tests.dll" adapterTypeName="executor://xunit/VsTestRunner3/netcore/" className="api.Tests.Database.RelationshipTests" name="SecondWallet_ForTheSamePassenger_IsRejected" />
    </UnitTest>
    <UnitTest name="api.Tests.Database.RelationshipTests.UtcDateTimes_RoundTripUnchanged_ThroughTimestamptz" storage="/home/chamal/dev/uptslk/apps/api.tests/bin/debug/net8.0/api.tests.dll" id="bdb454b7-f9c2-2b59-e176-e3d1b8de9825">
      <Execution id="53789414-2af3-4c60-bb17-bf1097b36e82" />
      <TestMethod codeBase="/home/chamal/dev/uptslk/apps/api.Tests/bin/Debug/net8.0/api.Tests.dll" adapterTypeName="executor://xunit/VsTestRunner3/netcore/" className="api.Tests.Database.RelationshipTests" name="UtcDateTimes_RoundTripUnchanged_ThroughTimestamptz" />
    </UnitTest>
    <UnitTest name="api.Tests.Database.RelationshipTests.DeletingAPassengerWithoutBookings_CascadesToWalletAndTransactions" storage="/home/chamal/dev/uptslk/apps/api.tests/bin/debug/net8.0/api.tests.dll" id="f20cf52b-af7c-8e7f-7438-f5ad53bcb97c">
      <Execution id="b9320661-e38a-453c-9493-8ea4572c08c3" />
      <TestMethod codeBase="/home/chamal/dev/uptslk/apps/api.Tests/bin/Debug/net8.0/api.Tests.dll" adapterTypeName="executor://xunit/VsTestRunner3/netcore/" className="api.Tests.Database.RelationshipTests" name="DeletingAPassengerWithoutBookings_CascadesToWalletAndTransactions" />
    </UnitTest>
    <UnitTest name="api.Tests.Database.ConstraintTests.FareRule_AllowsOnlyOneRulePerRoute" storage="/home/chamal/dev/uptslk/apps/api.tests/bin/debug/net8.0/api.tests.dll" id="01348ea3-748d-17d8-a9e0-f987aa938174">
      <Execution id="7eda8988-1445-451e-af0b-685ccc3d17c1" />
      <TestMethod codeBase="/home/chamal/dev/uptslk/apps/api.Tests/bin/Debug/net8.0/api.Tests.dll" adapterTypeName="executor://xunit/VsTestRunner3/netcore/" className="api.Tests.Database.ConstraintTests" name="FareRule_AllowsOnlyOneRulePerRoute" />
    </UnitTest>
    <UnitTest name="api.Tests.Database.TransactionTests.TwoContexts_UpdatingTheSameRow_BothSucceed_LastWriteWins" storage="/home/chamal/dev/uptslk/apps/api.tests/bin/debug/net8.0/api.tests.dll" id="3832c9ac-eb52-5343-3646-a7d78142b701">
      <Execution id="7d31dd95-905e-4923-95ba-e3e1a0b3461d" />
      <TestMethod codeBase="/home/chamal/dev/uptslk/apps/api.Tests/bin/Debug/net8.0/api.Tests.dll" adapterTypeName="executor://xunit/VsTestRunner3/netcore/" className="api.Tests.Database.TransactionTests" name="TwoContexts_UpdatingTheSameRow_BothSucceed_LastWriteWins" />
    </UnitTest>
    <UnitTest name="api.Tests.Database.MigrationTests.Column_HasTheExpectedPostgresType(table: &quot;AgentWorkflows&quot;, column: &quot;PlanJson&quot;, expectedType: &quot;jsonb&quot;)" storage="/home/chamal/dev/uptslk/apps/api.tests/bin/debug/net8.0/api.tests.dll" id="0cc42d5d-e87a-01e5-58af-55a2b00bb14f">
      <Execution id="57171195-bdaf-4b7d-af28-71f344fc3552" />
      <TestMethod codeBase="/home/chamal/dev/uptslk/apps/api.Tests/bin/Debug/net8.0/api.Tests.dll" adapterTypeName="executor://xunit/VsTestRunner3/netcore/" className="api.Tests.Database.MigrationTests" name="Column_HasTheExpectedPostgresType" />
    </UnitTest>
    <UnitTest name="api.Tests.Database.MigrationTests.Migrate_BackToZero_AndForwardAgain_Works" storage="/home/chamal/dev/uptslk/apps/api.tests/bin/debug/net8.0/api.tests.dll" id="b1c5498a-96e9-1cc0-1bfe-36adcc32683a">
      <Execution id="48b29a10-4e24-4f14-8bbb-831d1302e602" />
      <TestMethod codeBase="/home/chamal/dev/uptslk/apps/api.Tests/bin/Debug/net8.0/api.Tests.dll" adapterTypeName="executor://xunit/VsTestRunner3/netcore/" className="api.Tests.Database.MigrationTests" name="Migrate_BackToZero_AndForwardAgain_Works" />
    </UnitTest>
    <UnitTest name="api.Tests.Database.MigrationTests.Column_HasTheExpectedPostgresType(table: &quot;AgentWorkflows&quot;, column: &quot;ValidationJson&quot;, expectedType: &quot;jsonb&quot;)" storage="/home/chamal/dev/uptslk/apps/api.tests/bin/debug/net8.0/api.tests.dll" id="7a1d2d13-d48e-98b8-2f04-4f2c051c9f22">
      <Execution id="eccce7fb-7aec-4351-b977-97cdbf9b93b5" />
      <TestMethod codeBase="/home/chamal/dev/uptslk/apps/api.Tests/bin/Debug/net8.0/api.Tests.dll" adapterTypeName="executor://xunit/VsTestRunner3/netcore/" className="api.Tests.Database.MigrationTests" name="Column_HasTheExpectedPostgresType" />
    </UnitTest>
    <UnitTest name="api.Tests.Database.TransactionTests.FailureInsideTransaction_CanRollBackEarlierSaves" storage="/home/chamal/dev/uptslk/apps/api.tests/bin/debug/net8.0/api.tests.dll" id="bbee089b-c983-bda4-8d13-3d051949b4d8">
      <Execution id="1f309ee7-6220-4421-9f9e-9eb903d748f1" />
      <TestMethod codeBase="/home/chamal/dev/uptslk/apps/api.Tests/bin/Debug/net8.0/api.Tests.dll" adapterTypeName="executor://xunit/VsTestRunner3/netcore/" className="api.Tests.Database.TransactionTests" name="FailureInsideTransaction_CanRollBackEarlierSaves" />
    </UnitTest>
    <UnitTest name="api.Tests.Database.ConstraintTests.Trip_WithUnknownVehicle_IsRejected" storage="/home/chamal/dev/uptslk/apps/api.tests/bin/debug/net8.0/api.tests.dll" id="b864c19f-7d94-fa33-222b-4ae4a981ff76">
      <Execution id="a4678b61-e70c-4378-a374-6c69ee81236e" />
      <TestMethod codeBase="/home/chamal/dev/uptslk/apps/api.Tests/bin/Debug/net8.0/api.Tests.dll" adapterTypeName="executor://xunit/VsTestRunner3/netcore/" className="api.Tests.Database.ConstraintTests" name="Trip_WithUnknownVehicle_IsRejected" />
    </UnitTest>
    <UnitTest name="api.Tests.Database.ConstraintTests.Bay_Code_IsUniquePerCentre_ButReusableAtAnotherCentre" storage="/home/chamal/dev/uptslk/apps/api.tests/bin/debug/net8.0/api.tests.dll" id="ff246be3-0450-f25c-c86c-9d6a79622f63">
      <Execution id="a4b59f61-1771-4683-a852-0db8acb30d28" />
      <TestMethod codeBase="/home/chamal/dev/uptslk/apps/api.Tests/bin/Debug/net8.0/api.Tests.dll" adapterTypeName="executor://xunit/VsTestRunner3/netcore/" className="api.Tests.Database.ConstraintTests" name="Bay_Code_IsUniquePerCentre_ButReusableAtAnotherCentre" />
    </UnitTest>
    <UnitTest name="api.Tests.Database.RelationshipTests.Passenger_And_Wallet_AreOneToOne" storage="/home/chamal/dev/uptslk/apps/api.tests/bin/debug/net8.0/api.tests.dll" id="df0350fb-9e13-c0ea-c9bd-d7b36d4d97d9">
      <Execution id="eef24e51-d9a8-4632-8f73-944d834e4492" />
      <TestMethod codeBase="/home/chamal/dev/uptslk/apps/api.Tests/bin/Debug/net8.0/api.Tests.dll" adapterTypeName="executor://xunit/VsTestRunner3/netcore/" className="api.Tests.Database.RelationshipTests" name="Passenger_And_Wallet_AreOneToOne" />
    </UnitTest>
    <UnitTest name="api.Tests.Database.BookingConcurrencyTests.Trip_WithLocalTimeWithoutTimezone_IsStoredAsUtcInstant" storage="/home/chamal/dev/uptslk/apps/api.tests/bin/debug/net8.0/api.tests.dll" id="84931df7-2fbb-93e2-3378-a0a6d6a67f26">
      <Execution id="53b78e0b-f234-4f35-818d-98823ae86c42" />
      <TestMethod codeBase="/home/chamal/dev/uptslk/apps/api.Tests/bin/Debug/net8.0/api.Tests.dll" adapterTypeName="executor://xunit/VsTestRunner3/netcore/" className="api.Tests.Database.BookingConcurrencyTests" name="Trip_WithLocalTimeWithoutTimezone_IsStoredAsUtcInstant" />
    </UnitTest>
    <UnitTest name="api.Tests.Database.MigrationTests.MoneyColumns_UseNumeric12x2(table: &quot;Bookings&quot;, column: &quot;Fare&quot;, precision: 12, scale: 2)" storage="/home/chamal/dev/uptslk/apps/api.tests/bin/debug/net8.0/api.tests.dll" id="a166d197-f9c1-2a24-9984-40c2d660a356">
      <Execution id="1ab98014-00ba-4b58-9c76-00b5b8ff30ed" />
      <TestMethod codeBase="/home/chamal/dev/uptslk/apps/api.Tests/bin/Debug/net8.0/api.Tests.dll" adapterTypeName="executor://xunit/VsTestRunner3/netcore/" className="api.Tests.Database.MigrationTests" name="MoneyColumns_UseNumeric12x2" />
    </UnitTest>
    <UnitTest name="api.Tests.Database.RelationshipTests.MaintenanceRecord_RequiresAnExistingVehicle" storage="/home/chamal/dev/uptslk/apps/api.tests/bin/debug/net8.0/api.tests.dll" id="f922bc06-6cd5-5b78-caaf-4909ec9b843d">
      <Execution id="d8b8b3db-953e-4584-b318-9b6e4370be4c" />
      <TestMethod codeBase="/home/chamal/dev/uptslk/apps/api.Tests/bin/Debug/net8.0/api.Tests.dll" adapterTypeName="executor://xunit/VsTestRunner3/netcore/" className="api.Tests.Database.RelationshipTests" name="MaintenanceRecord_RequiresAnExistingVehicle" />
    </UnitTest>
    <UnitTest name="api.Tests.Database.MigrationTests.Column_HasTheExpectedPostgresType(table: &quot;Bookings&quot;, column: &quot;Fare&quot;, expectedType: &quot;numeric&quot;)" storage="/home/chamal/dev/uptslk/apps/api.tests/bin/debug/net8.0/api.tests.dll" id="4b9b601f-326a-ac97-b93e-b40ed189a3d1">
      <Execution id="52bb3caf-fa48-4580-afe9-805af081ec35" />
      <TestMethod codeBase="/home/chamal/dev/uptslk/apps/api.Tests/bin/Debug/net8.0/api.Tests.dll" adapterTypeName="executor://xunit/VsTestRunner3/netcore/" className="api.Tests.Database.MigrationTests" name="Column_HasTheExpectedPostgresType" />
    </UnitTest>
    <UnitTest name="api.Tests.Database.MigrationTests.Model_MatchesTheLatestMigrationSnapshot" storage="/home/chamal/dev/uptslk/apps/api.tests/bin/debug/net8.0/api.tests.dll" id="b0d7f573-89f7-f7f4-798d-1b4b7bdcba99">
      <Execution id="02a4e436-7a18-4500-93bc-89127277f33b" />
      <TestMethod codeBase="/home/chamal/dev/uptslk/apps/api.Tests/bin/Debug/net8.0/api.Tests.dll" adapterTypeName="executor://xunit/VsTestRunner3/netcore/" className="api.Tests.Database.MigrationTests" name="Model_MatchesTheLatestMigrationSnapshot" />
    </UnitTest>
    <UnitTest name="api.Tests.Database.RelationshipTests.DeletingARoute_CascadesToItsStopsAndSchedules_ButNotItsTrips" storage="/home/chamal/dev/uptslk/apps/api.tests/bin/debug/net8.0/api.tests.dll" id="8d71ab71-8408-4b62-65aa-9cb858e508a6">
      <Execution id="0cffe1ae-6065-4645-aec7-81dd6a62dab2" />
      <TestMethod codeBase="/home/chamal/dev/uptslk/apps/api.Tests/bin/Debug/net8.0/api.Tests.dll" adapterTypeName="executor://xunit/VsTestRunner3/netcore/" className="api.Tests.Database.RelationshipTests" name="DeletingARoute_CascadesToItsStopsAndSchedules_ButNotItsTrips" />
    </UnitTest>
    <UnitTest name="api.Tests.Database.MigrationTests.Column_HasTheExpectedPostgresType(table: &quot;Wallets&quot;, column: &quot;Balance&quot;, expectedType: &quot;numeric&quot;)" storage="/home/chamal/dev/uptslk/apps/api.tests/bin/debug/net8.0/api.tests.dll" id="25ea74c0-1ad4-0c66-1bd6-5ed0b228c91d">
      <Execution id="bef6f988-fd2b-4038-8a3e-76cdf6e872df" />
      <TestMethod codeBase="/home/chamal/dev/uptslk/apps/api.Tests/bin/Debug/net8.0/api.Tests.dll" adapterTypeName="executor://xunit/VsTestRunner3/netcore/" className="api.Tests.Database.MigrationTests" name="Column_HasTheExpectedPostgresType" />
    </UnitTest>
    <UnitTest name="api.Tests.Database.MigrationTests.Column_HasTheExpectedPostgresType(table: &quot;Trips&quot;, column: &quot;ScheduledTime&quot;, expectedType: &quot;timestamp with time zone&quot;)" storage="/home/chamal/dev/uptslk/apps/api.tests/bin/debug/net8.0/api.tests.dll" id="eb8909fd-c565-c1a4-2868-45436d2f98f5">
      <Execution id="626ae3e7-5e3d-4cff-a299-8b9c5d430d30" />
      <TestMethod codeBase="/home/chamal/dev/uptslk/apps/api.Tests/bin/Debug/net8.0/api.Tests.dll" adapterTypeName="executor://xunit/VsTestRunner3/netcore/" className="api.Tests.Database.MigrationTests" name="Column_HasTheExpectedPostgresType" />
    </UnitTest>
    <UnitTest name="api.Tests.Database.BookingConcurrencyTests.ParallelBookings_NeverExceedVehicleCapacity" storage="/home/chamal/dev/uptslk/apps/api.tests/bin/debug/net8.0/api.tests.dll" id="e0f91f57-1c49-4306-66d2-e585c070154a">
      <Execution id="f66729e3-3bef-46de-a9df-4ae7277cb321" />
      <TestMethod codeBase="/home/chamal/dev/uptslk/apps/api.Tests/bin/Debug/net8.0/api.Tests.dll" adapterTypeName="executor://xunit/VsTestRunner3/netcore/" className="api.Tests.Database.BookingConcurrencyTests" name="ParallelBookings_NeverExceedVehicleCapacity" />
    </UnitTest>
    <UnitTest name="api.Tests.Database.ConstraintTests.CancelledBooking_FreesItsSeatForANewBooking" storage="/home/chamal/dev/uptslk/apps/api.tests/bin/debug/net8.0/api.tests.dll" id="71c3404c-bb8d-cbae-0162-e781de789428">
      <Execution id="1eba31ca-1b93-4cab-bff5-15ac5ca7c040" />
      <TestMethod codeBase="/home/chamal/dev/uptslk/apps/api.Tests/bin/Debug/net8.0/api.Tests.dll" adapterTypeName="executor://xunit/VsTestRunner3/netcore/" className="api.Tests.Database.ConstraintTests" name="CancelledBooking_FreesItsSeatForANewBooking" />
    </UnitTest>
    <UnitTest name="api.Tests.Database.ConstraintTests.Passenger_WithBookings_CannotBeDeleted" storage="/home/chamal/dev/uptslk/apps/api.tests/bin/debug/net8.0/api.tests.dll" id="5bd318a1-660f-a5c0-47f0-cae65394b150">
      <Execution id="2348ce8f-f0df-4123-88e9-92db6b284901" />
      <TestMethod codeBase="/home/chamal/dev/uptslk/apps/api.Tests/bin/Debug/net8.0/api.Tests.dll" adapterTypeName="executor://xunit/VsTestRunner3/netcore/" className="api.Tests.Database.ConstraintTests" name="Passenger_WithBookings_CannotBeDeleted" />
    </UnitTest>
    <UnitTest name="api.Tests.Database.ConstraintTests.Vehicle_WithUnknownCentre_IsRejected" storage="/home/chamal/dev/uptslk/apps/api.tests/bin/debug/net8.0/api.tests.dll" id="e5bc8019-6aff-04ab-28a7-03dbc2b21fd9">
      <Execution id="811f6d49-2b28-4bfc-a096-611b0334fa24" />
      <TestMethod codeBase="/home/chamal/dev/uptslk/apps/api.Tests/bin/Debug/net8.0/api.Tests.dll" adapterTypeName="executor://xunit/VsTestRunner3/netcore/" className="api.Tests.Database.ConstraintTests" name="Vehicle_WithUnknownCentre_IsRejected" />
    </UnitTest>
    <UnitTest name="api.Tests.Database.ConstraintTests.Centre_Name_LongerThan160Characters_IsRejected" storage="/home/chamal/dev/uptslk/apps/api.tests/bin/debug/net8.0/api.tests.dll" id="4914f8cf-adea-f9ec-948e-9f05490a7385">
      <Execution id="ae3a3651-1d1b-4e0b-ab43-144d73077256" />
      <TestMethod codeBase="/home/chamal/dev/uptslk/apps/api.Tests/bin/Debug/net8.0/api.Tests.dll" adapterTypeName="executor://xunit/VsTestRunner3/netcore/" className="api.Tests.Database.ConstraintTests" name="Centre_Name_LongerThan160Characters_IsRejected" />
    </UnitTest>
    <UnitTest name="api.Tests.Database.ConstraintTests.Booking_WithUnknownPassenger_IsRejected" storage="/home/chamal/dev/uptslk/apps/api.tests/bin/debug/net8.0/api.tests.dll" id="f0ae9830-c38e-39d4-4d3a-331c4a04cbf4">
      <Execution id="98e8e3ed-292c-40bc-a1cc-3f34b45f01e8" />
      <TestMethod codeBase="/home/chamal/dev/uptslk/apps/api.Tests/bin/Debug/net8.0/api.Tests.dll" adapterTypeName="executor://xunit/VsTestRunner3/netcore/" className="api.Tests.Database.ConstraintTests" name="Booking_WithUnknownPassenger_IsRejected" />
    </UnitTest>
    <UnitTest name="api.Tests.Database.MigrationTests.Migrate_CanBeRunTwice_WithoutError" storage="/home/chamal/dev/uptslk/apps/api.tests/bin/debug/net8.0/api.tests.dll" id="7a40184e-3068-aa7a-2f2d-1eae3a3acc2b">
      <Execution id="b413f3e6-90ab-4728-9696-2f3f720aabd6" />
      <TestMethod codeBase="/home/chamal/dev/uptslk/apps/api.Tests/bin/Debug/net8.0/api.Tests.dll" adapterTypeName="executor://xunit/VsTestRunner3/netcore/" className="api.Tests.Database.MigrationTests" name="Migrate_CanBeRunTwice_WithoutError" />
    </UnitTest>
    <UnitTest name="api.Tests.Database.MigrationTests.MoneyColumns_UseNumeric12x2(table: &quot;Wallets&quot;, column: &quot;Balance&quot;, precision: 12, scale: 2)" storage="/home/chamal/dev/uptslk/apps/api.tests/bin/debug/net8.0/api.tests.dll" id="4eecf3cd-7c8b-271f-056a-a2ceffcda26e">
      <Execution id="7d80f98b-ac0a-459c-9c11-dccfc7bee291" />
      <TestMethod codeBase="/home/chamal/dev/uptslk/apps/api.Tests/bin/Debug/net8.0/api.Tests.dll" adapterTypeName="executor://xunit/VsTestRunner3/netcore/" className="api.Tests.Database.MigrationTests" name="MoneyColumns_UseNumeric12x2" />
    </UnitTest>
    <UnitTest name="api.Tests.Database.ConstraintTests.Passenger_PhoneNumber_MustBeUnique" storage="/home/chamal/dev/uptslk/apps/api.tests/bin/debug/net8.0/api.tests.dll" id="53f15f22-bc9c-30b2-bf79-d07ca9acfc53">
      <Execution id="e3d68f2e-5984-4010-b3bc-c381baad9d3c" />
      <TestMethod codeBase="/home/chamal/dev/uptslk/apps/api.Tests/bin/Debug/net8.0/api.Tests.dll" adapterTypeName="executor://xunit/VsTestRunner3/netcore/" className="api.Tests.Database.ConstraintTests" name="Passenger_PhoneNumber_MustBeUnique" />
    </UnitTest>
    <UnitTest name="api.Tests.Database.RelationshipTests.Centre_ExposesItsBaysRoutesAndVehicles" storage="/home/chamal/dev/uptslk/apps/api.tests/bin/debug/net8.0/api.tests.dll" id="b79c6e0f-0e32-8a1a-86a8-e0a2476c8d27">
      <Execution id="0f67a29d-b6c5-4a12-8346-6bb87d5d3f95" />
      <TestMethod codeBase="/home/chamal/dev/uptslk/apps/api.Tests/bin/Debug/net8.0/api.Tests.dll" adapterTypeName="executor://xunit/VsTestRunner3/netcore/" className="api.Tests.Database.RelationshipTests" name="Centre_ExposesItsBaysRoutesAndVehicles" />
    </UnitTest>
    <UnitTest name="api.Tests.Database.BookingConcurrencyTests.Booking_CommitsBookingTransactionAndWalletDebitTogether" storage="/home/chamal/dev/uptslk/apps/api.tests/bin/debug/net8.0/api.tests.dll" id="fd79bd53-7851-b790-e81c-c7e2b26a6454">
      <Execution id="d1571d6c-5adf-42fc-99e9-65d7bdfacdba" />
      <TestMethod codeBase="/home/chamal/dev/uptslk/apps/api.Tests/bin/Debug/net8.0/api.Tests.dll" adapterTypeName="executor://xunit/VsTestRunner3/netcore/" className="api.Tests.Database.BookingConcurrencyTests" name="Booking_CommitsBookingTransactionAndWalletDebitTogether" />
    </UnitTest>
    <UnitTest name="api.Tests.Database.ConstraintTests.Centre_Name_CannotBeNull" storage="/home/chamal/dev/uptslk/apps/api.tests/bin/debug/net8.0/api.tests.dll" id="dad89dd6-3e6b-1085-7471-c309001f1edb">
      <Execution id="93fa4db0-a5fe-4fab-a1be-0996ef7ac2a5" />
      <TestMethod codeBase="/home/chamal/dev/uptslk/apps/api.Tests/bin/Debug/net8.0/api.Tests.dll" adapterTypeName="executor://xunit/VsTestRunner3/netcore/" className="api.Tests.Database.ConstraintTests" name="Centre_Name_CannotBeNull" />
    </UnitTest>
    <UnitTest name="api.Tests.Database.MigrationTests.Migrate_OnEmptyDatabase_AppliesEveryMigration" storage="/home/chamal/dev/uptslk/apps/api.tests/bin/debug/net8.0/api.tests.dll" id="1c382f6e-61d8-cedb-469c-756112e0a1b3">
      <Execution id="b2eaeee1-a85b-4cc8-8c79-46a34146e4b8" />
      <TestMethod codeBase="/home/chamal/dev/uptslk/apps/api.Tests/bin/Debug/net8.0/api.Tests.dll" adapterTypeName="executor://xunit/VsTestRunner3/netcore/" className="api.Tests.Database.MigrationTests" name="Migrate_OnEmptyDatabase_AppliesEveryMigration" />
    </UnitTest>
  </TestDefinitions>
  <TestEntries>
    <TestEntry testId="f922bc06-6cd5-5b78-caaf-4909ec9b843d" executionId="d8b8b3db-953e-4584-b318-9b6e4370be4c" testListId="8c84fa94-04c1-424b-9868-57a2d4851a1d" />
    <TestEntry testId="7a1d2d13-d48e-98b8-2f04-4f2c051c9f22" executionId="eccce7fb-7aec-4351-b977-97cdbf9b93b5" testListId="8c84fa94-04c1-424b-9868-57a2d4851a1d" />
    <TestEntry testId="eb8909fd-c565-c1a4-2868-45436d2f98f5" executionId="626ae3e7-5e3d-4cff-a299-8b9c5d430d30" testListId="8c84fa94-04c1-424b-9868-57a2d4851a1d" />
    <TestEntry testId="4914f8cf-adea-f9ec-948e-9f05490a7385" executionId="ae3a3651-1d1b-4e0b-ab43-144d73077256" testListId="8c84fa94-04c1-424b-9868-57a2d4851a1d" />
    <TestEntry testId="7a40184e-3068-aa7a-2f2d-1eae3a3acc2b" executionId="b413f3e6-90ab-4728-9696-2f3f720aabd6" testListId="8c84fa94-04c1-424b-9868-57a2d4851a1d" />
    <TestEntry testId="d0b50606-bdf3-c0c7-9d50-52af497d45ec" executionId="ec41ffe9-022a-4761-beff-90bbf9146f0b" testListId="8c84fa94-04c1-424b-9868-57a2d4851a1d" />
    <TestEntry testId="e41ae035-3ace-b06f-fe28-e984b4f9b3e0" executionId="9b003e86-ed22-4d2a-9ba2-dcabe92a738a" testListId="8c84fa94-04c1-424b-9868-57a2d4851a1d" />
    <TestEntry testId="4eecf3cd-7c8b-271f-056a-a2ceffcda26e" executionId="7d80f98b-ac0a-459c-9c11-dccfc7bee291" testListId="8c84fa94-04c1-424b-9868-57a2d4851a1d" />
    <TestEntry testId="bbee089b-c983-bda4-8d13-3d051949b4d8" executionId="1f309ee7-6220-4421-9f9e-9eb903d748f1" testListId="8c84fa94-04c1-424b-9868-57a2d4851a1d" />
    <TestEntry testId="a25b0351-8773-9f7b-9fc2-1021c88ffa37" executionId="14a58305-761f-4949-8976-f6bc6d9854ba" testListId="8c84fa94-04c1-424b-9868-57a2d4851a1d" />
    <TestEntry testId="71fdd8c1-2e28-eb8d-81cd-fdfaca04c602" executionId="b4677089-e56f-4e52-a157-65ed6827bd39" testListId="8c84fa94-04c1-424b-9868-57a2d4851a1d" />
    <TestEntry testId="2107bd4c-b9eb-3ed2-ad44-9f424fee1d8e" executionId="61bdc994-4c98-4258-95dd-78c47ddf9b4f" testListId="8c84fa94-04c1-424b-9868-57a2d4851a1d" />
    <TestEntry testId="3ed65cf0-be2c-1aeb-250d-1ed1b2e8ae60" executionId="520b2d52-2beb-420b-8764-a1a5d7f33241" testListId="8c84fa94-04c1-424b-9868-57a2d4851a1d" />
    <TestEntry testId="25ea74c0-1ad4-0c66-1bd6-5ed0b228c91d" executionId="bef6f988-fd2b-4038-8a3e-76cdf6e872df" testListId="8c84fa94-04c1-424b-9868-57a2d4851a1d" />
    <TestEntry testId="94300e19-1594-1b5a-b4fb-3f91e50c9069" executionId="467745c0-7195-4e56-bfea-a8b063c470ff" testListId="8c84fa94-04c1-424b-9868-57a2d4851a1d" />
    <TestEntry testId="6fd8cb1e-0bd2-dfda-05b2-0bdf7ea17fb9" executionId="363a5d97-c36d-47a0-87fd-b3d68a35d829" testListId="8c84fa94-04c1-424b-9868-57a2d4851a1d" />
    <TestEntry testId="a166d197-f9c1-2a24-9984-40c2d660a356" executionId="1ab98014-00ba-4b58-9c76-00b5b8ff30ed" testListId="8c84fa94-04c1-424b-9868-57a2d4851a1d" />
    <TestEntry testId="93f67bd8-8c02-86d1-d6ec-474e4d55cdfd" executionId="cc22fef6-2bac-48b4-916a-31d0d38b4bd2" testListId="8c84fa94-04c1-424b-9868-57a2d4851a1d" />
    <TestEntry testId="dc049bb4-6e95-47f7-f190-2aa18132a73b" executionId="9784b2fb-9979-4e99-8621-a7775a366bdc" testListId="8c84fa94-04c1-424b-9868-57a2d4851a1d" />
    <TestEntry testId="e5bc8019-6aff-04ab-28a7-03dbc2b21fd9" executionId="811f6d49-2b28-4bfc-a096-611b0334fa24" testListId="8c84fa94-04c1-424b-9868-57a2d4851a1d" />
    <TestEntry testId="53f15f22-bc9c-30b2-bf79-d07ca9acfc53" executionId="e3d68f2e-5984-4010-b3bc-c381baad9d3c" testListId="8c84fa94-04c1-424b-9868-57a2d4851a1d" />
    <TestEntry testId="91c68d40-e191-719a-755f-91f7125d92c8" executionId="a9fa0147-2f1c-469f-bd7b-7dd9354e9f04" testListId="8c84fa94-04c1-424b-9868-57a2d4851a1d" />
    <TestEntry testId="d01a83df-ec5f-f5be-17d3-5a9dd12892d5" executionId="5285d286-9c80-4a27-84d6-13c259bad039" testListId="8c84fa94-04c1-424b-9868-57a2d4851a1d" />
    <TestEntry testId="5bd318a1-660f-a5c0-47f0-cae65394b150" executionId="2348ce8f-f0df-4123-88e9-92db6b284901" testListId="8c84fa94-04c1-424b-9868-57a2d4851a1d" />
    <TestEntry testId="4b9b601f-326a-ac97-b93e-b40ed189a3d1" executionId="52bb3caf-fa48-4580-afe9-805af081ec35" testListId="8c84fa94-04c1-424b-9868-57a2d4851a1d" />
    <TestEntry testId="df0350fb-9e13-c0ea-c9bd-d7b36d4d97d9" executionId="eef24e51-d9a8-4632-8f73-944d834e4492" testListId="8c84fa94-04c1-424b-9868-57a2d4851a1d" />
    <TestEntry testId="a1ecc8fa-edb5-ad7a-5e27-02179f0a787b" executionId="75b2504a-764e-4e55-842e-e687940443a7" testListId="8c84fa94-04c1-424b-9868-57a2d4851a1d" />
    <TestEntry testId="fd79bd53-7851-b790-e81c-c7e2b26a6454" executionId="d1571d6c-5adf-42fc-99e9-65d7bdfacdba" testListId="8c84fa94-04c1-424b-9868-57a2d4851a1d" />
    <TestEntry testId="8d71ab71-8408-4b62-65aa-9cb858e508a6" executionId="0cffe1ae-6065-4645-aec7-81dd6a62dab2" testListId="8c84fa94-04c1-424b-9868-57a2d4851a1d" />
    <TestEntry testId="15f8af10-8f8f-b314-8524-a61fad2f36ec" executionId="ecf6475a-7c4f-42da-86fa-4298465245e5" testListId="8c84fa94-04c1-424b-9868-57a2d4851a1d" />
    <TestEntry testId="e0f91f57-1c49-4306-66d2-e585c070154a" executionId="f66729e3-3bef-46de-a9df-4ae7277cb321" testListId="8c84fa94-04c1-424b-9868-57a2d4851a1d" />
    <TestEntry testId="500201db-101c-16ae-de24-3bd133be9e4b" executionId="edfaf2d5-e73b-49d3-9b38-cab94e7b1553" testListId="8c84fa94-04c1-424b-9868-57a2d4851a1d" />
    <TestEntry testId="789fdfd1-c85c-0cf0-3c0b-9747b597a0fd" executionId="6d45e19d-3c80-4455-9dd6-215c8e657c6f" testListId="8c84fa94-04c1-424b-9868-57a2d4851a1d" />
    <TestEntry testId="84931df7-2fbb-93e2-3378-a0a6d6a67f26" executionId="53b78e0b-f234-4f35-818d-98823ae86c42" testListId="8c84fa94-04c1-424b-9868-57a2d4851a1d" />
    <TestEntry testId="e0074bc1-b785-a7e0-d513-2282a98c0752" executionId="f68b8ec4-4c64-436c-b00b-aaf0a2565055" testListId="8c84fa94-04c1-424b-9868-57a2d4851a1d" />
    <TestEntry testId="71c3404c-bb8d-cbae-0162-e781de789428" executionId="1eba31ca-1b93-4cab-bff5-15ac5ca7c040" testListId="8c84fa94-04c1-424b-9868-57a2d4851a1d" />
    <TestEntry testId="ff246be3-0450-f25c-c86c-9d6a79622f63" executionId="a4b59f61-1771-4683-a852-0db8acb30d28" testListId="8c84fa94-04c1-424b-9868-57a2d4851a1d" />
    <TestEntry testId="d8139fb2-86f9-3586-6af2-d2ccad03991a" executionId="21f0c88d-2e4b-4b93-83a9-1b4dbc8d5e58" testListId="8c84fa94-04c1-424b-9868-57a2d4851a1d" />
    <TestEntry testId="0cc42d5d-e87a-01e5-58af-55a2b00bb14f" executionId="57171195-bdaf-4b7d-af28-71f344fc3552" testListId="8c84fa94-04c1-424b-9868-57a2d4851a1d" />
    <TestEntry testId="3dd0b53d-f403-0b01-d274-ffa47eb31f6b" executionId="5efd41c2-46ff-48ce-95af-a53f79d254ec" testListId="8c84fa94-04c1-424b-9868-57a2d4851a1d" />
    <TestEntry testId="8d05e10f-3c3f-2171-243d-e30360522a5c" executionId="2331e413-f10f-4c1b-b588-a1123d4e3858" testListId="8c84fa94-04c1-424b-9868-57a2d4851a1d" />
    <TestEntry testId="157c18c1-c118-78dd-d479-e99937700087" executionId="1b44a8c8-558a-4b2f-9736-d8f69fe2244a" testListId="8c84fa94-04c1-424b-9868-57a2d4851a1d" />
    <TestEntry testId="0fe235be-9924-2380-c763-1be98349e2ee" executionId="5f44e361-29d3-4139-8c3b-589cacbf2fd4" testListId="8c84fa94-04c1-424b-9868-57a2d4851a1d" />
    <TestEntry testId="bdb454b7-f9c2-2b59-e176-e3d1b8de9825" executionId="53789414-2af3-4c60-bb17-bf1097b36e82" testListId="8c84fa94-04c1-424b-9868-57a2d4851a1d" />
    <TestEntry testId="1c382f6e-61d8-cedb-469c-756112e0a1b3" executionId="b2eaeee1-a85b-4cc8-8c79-46a34146e4b8" testListId="8c84fa94-04c1-424b-9868-57a2d4851a1d" />
    <TestEntry testId="85d6703a-14c1-afe4-d503-166a83984355" executionId="70eda8a2-ba2d-4b22-bf84-f73896a6a2ac" testListId="8c84fa94-04c1-424b-9868-57a2d4851a1d" />
    <TestEntry testId="8bfd9d44-d116-e1af-388b-1a85ea273b6b" executionId="7bff2bee-8242-479d-88ed-7a8443f88331" testListId="8c84fa94-04c1-424b-9868-57a2d4851a1d" />
    <TestEntry testId="179b161b-cf98-00a5-700e-07c2d5414726" executionId="d986882e-dcb7-4c17-99b6-23c5646976bb" testListId="8c84fa94-04c1-424b-9868-57a2d4851a1d" />
    <TestEntry testId="dad89dd6-3e6b-1085-7471-c309001f1edb" executionId="93fa4db0-a5fe-4fab-a1be-0996ef7ac2a5" testListId="8c84fa94-04c1-424b-9868-57a2d4851a1d" />
    <TestEntry testId="f571f111-38b0-b739-8cd8-234550de1934" executionId="397010a6-7c8b-493e-a239-69633985454b" testListId="8c84fa94-04c1-424b-9868-57a2d4851a1d" />
    <TestEntry testId="aaa227a3-682b-5bb3-5d69-cfa90510294c" executionId="50c95aed-963a-4256-86c7-6980b4de291a" testListId="8c84fa94-04c1-424b-9868-57a2d4851a1d" />
    <TestEntry testId="01348ea3-748d-17d8-a9e0-f987aa938174" executionId="7eda8988-1445-451e-af0b-685ccc3d17c1" testListId="8c84fa94-04c1-424b-9868-57a2d4851a1d" />
    <TestEntry testId="3832c9ac-eb52-5343-3646-a7d78142b701" executionId="7d31dd95-905e-4923-95ba-e3e1a0b3461d" testListId="8c84fa94-04c1-424b-9868-57a2d4851a1d" />
    <TestEntry testId="b79c6e0f-0e32-8a1a-86a8-e0a2476c8d27" executionId="0f67a29d-b6c5-4a12-8346-6bb87d5d3f95" testListId="8c84fa94-04c1-424b-9868-57a2d4851a1d" />
    <TestEntry testId="f0ae9830-c38e-39d4-4d3a-331c4a04cbf4" executionId="98e8e3ed-292c-40bc-a1cc-3f34b45f01e8" testListId="8c84fa94-04c1-424b-9868-57a2d4851a1d" />
    <TestEntry testId="fcdcd6e1-1a43-fa95-dd65-c9c58bb52b35" executionId="4955fed3-80d5-489c-bd72-600b6302acf0" testListId="8c84fa94-04c1-424b-9868-57a2d4851a1d" />
    <TestEntry testId="b0d7f573-89f7-f7f4-798d-1b4b7bdcba99" executionId="02a4e436-7a18-4500-93bc-89127277f33b" testListId="8c84fa94-04c1-424b-9868-57a2d4851a1d" />
    <TestEntry testId="f20cf52b-af7c-8e7f-7438-f5ad53bcb97c" executionId="b9320661-e38a-453c-9493-8ea4572c08c3" testListId="8c84fa94-04c1-424b-9868-57a2d4851a1d" />
    <TestEntry testId="b1c5498a-96e9-1cc0-1bfe-36adcc32683a" executionId="48b29a10-4e24-4f14-8bbb-831d1302e602" testListId="8c84fa94-04c1-424b-9868-57a2d4851a1d" />
    <TestEntry testId="b864c19f-7d94-fa33-222b-4ae4a981ff76" executionId="a4678b61-e70c-4378-a374-6c69ee81236e" testListId="8c84fa94-04c1-424b-9868-57a2d4851a1d" />
  </TestEntries>
  <TestLists>
    <TestList name="Results Not in a List" id="8c84fa94-04c1-424b-9868-57a2d4851a1d" />
    <TestList name="All Loaded Results" id="19431567-8539-422a-85d7-44ee4e166bda" />
  </TestLists>
  <ResultSummary outcome="Completed">
    <Counters total="60" executed="60" passed="60" failed="0" error="0" timeout="0" aborted="0" inconclusive="0" passedButRunAborted="0" notRunnable="0" notExecuted="0" disconnected="0" warning="0" completed="0" inProgress="0" pending="0" />
    <Output>
      <StdOut>[xUnit.net 00:00:00.00] xUnit.net VSTest Adapter v3.1.5+1b188a7b0a (64-bit .NET 8.0.30)
[xUnit.net 00:00:00.25]   Discovering: api.Tests
[xUnit.net 00:00:00.53]   Discovered:  api.Tests
[xUnit.net 00:00:00.62]   Starting:    api.Tests
[xUnit.net 00:00:42.45]   Finished:    api.Tests
</StdOut>
    </Output>
  </ResultSummary>
</TestRun>