<?xml version="1.0" encoding="utf-8"?>
<TestRun id="806a3761-b7b3-4fe1-9776-c8c3c127bb40" name="@chamalsena 2026-10-07 18:12:49" xmlns="http://microsoft.com/schemas/VisualStudio/TeamTest/2010">
  <Times creation="2026-10-07T18:12:49.2448614+05:30" queuing="2026-10-07T18:12:49.2448615+05:30" start="2026-10-07T18:12:42.6336388+05:30" finish="2026-10-07T18:12:51.9102097+05:30" />
  <TestSettings name="default" id="11c59e3f-fe5e-48ec-9a25-674790fb21e0">
    <Deployment runDeploymentRoot="_chamalsena_2026-10-07_18_12_49" />
  </TestSettings>
  <Results>
    <UnitTestResult executionId="afc045b8-2a47-47c8-9466-83f0992af09b" testId="d773d54c-341c-c675-b03c-661082fa1954" testName="api.Tests.Bookings.FareAndPaymentAccessControlTests.Anonymous_CannotTriggerAPaymentRefund" computerName="chamalsena" duration="00:00:00.3025236" startTime="2026-10-07T18:12:51.4645719+05:30" endTime="2026-10-07T18:12:51.7663446+05:30" testType="13cdc9d9-ddb5-4fa4-a97d-d965ccfc6d4b" outcome="Failed" testListId="8c84fa94-04c1-424b-9868-57a2d4851a1d" relativeResultsDirectory="afc045b8-2a47-47c8-9466-83f0992af09b">
      <Output>
        <ErrorInfo>
          <Message>Assert.Equal() Failure: Values differ
Expected: Unauthorized
Actual:   NotFound</Message>
          <StackTrace>   at api.Tests.Bookings.FareAndPaymentAccessControlTests.Anonymous_CannotTriggerAPaymentRefund() in /home/chamal/dev/uptslk/apps/api.Tests/Bookings/FareAndPaymentAccessControlTests.cs:line 47
--- End of stack trace from previous location ---</StackTrace>
        </ErrorInfo>
      </Output>
    </UnitTestResult>
    <UnitTestResult executionId="2e682abf-ee61-4967-bcac-ea68e2ce34d0" testId="acadef39-5ffa-024f-e38f-8841d191e181" testName="api.Tests.Bookings.FareAndPaymentAccessControlTests.Commuter_CannotTriggerAPaymentRefund" computerName="chamalsena" duration="00:00:04.7500988" startTime="2026-10-07T18:12:44.3390988+05:30" endTime="2026-10-07T18:12:49.1389708+05:30" testType="13cdc9d9-ddb5-4fa4-a97d-d965ccfc6d4b" outcome="Failed" testListId="8c84fa94-04c1-424b-9868-57a2d4851a1d" relativeResultsDirectory="2e682abf-ee61-4967-bcac-ea68e2ce34d0">
      <Output>
        <ErrorInfo>
          <Message>Assert.Equal() Failure: Values differ
Expected: Forbidden
Actual:   NotFound</Message>
          <StackTrace>   at api.Tests.Bookings.FareAndPaymentAccessControlTests.Commuter_CannotTriggerAPaymentRefund() in /home/chamal/dev/uptslk/apps/api.Tests/Bookings/FareAndPaymentAccessControlTests.cs:line 58
--- End of stack trace from previous location ---</StackTrace>
        </ErrorInfo>
      </Output>
    </UnitTestResult>
    <UnitTestResult executionId="7d7a146d-94e1-4785-a329-31080a7dc94f" testId="2a1da0fd-8a39-7543-6acf-d3c409d257b6" testName="api.Tests.Bookings.FareAndPaymentAccessControlTests.Anonymous_CannotReadOrCreateSupportRequests" computerName="chamalsena" duration="00:00:00.4693251" startTime="2026-10-07T18:12:50.9977484+05:30" endTime="2026-10-07T18:12:51.4626657+05:30" testType="13cdc9d9-ddb5-4fa4-a97d-d965ccfc6d4b" outcome="Failed" testListId="8c84fa94-04c1-424b-9868-57a2d4851a1d" relativeResultsDirectory="7d7a146d-94e1-4785-a329-31080a7dc94f">
      <Output>
        <ErrorInfo>
          <Message>Assert.Equal() Failure: Values differ
Expected: Unauthorized
Actual:   OK</Message>
          <StackTrace>   at api.Tests.Bookings.FareAndPaymentAccessControlTests.Anonymous_CannotReadOrCreateSupportRequests() in /home/chamal/dev/uptslk/apps/api.Tests/Bookings/FareAndPaymentAccessControlTests.cs:line 81
--- End of stack trace from previous location ---</StackTrace>
        </ErrorInfo>
      </Output>
    </UnitTestResult>
    <UnitTestResult executionId="7776bda9-004f-41b3-aaec-20425ee1238c" testId="264082b7-3ad6-2058-a1e3-60374be0dbbc" testName="api.Tests.Dispatch.DispatchAccessControlTests.Anonymous_CannotChangeTripStatus" computerName="chamalsena" duration="00:00:00.3023241" startTime="2026-10-07T18:12:50.7380886+05:30" endTime="2026-10-07T18:12:51.0402834+05:30" testType="13cdc9d9-ddb5-4fa4-a97d-d965ccfc6d4b" outcome="Passed" testListId="8c84fa94-04c1-424b-9868-57a2d4851a1d" relativeResultsDirectory="7776bda9-004f-41b3-aaec-20425ee1238c" />
    <UnitTestResult executionId="345f1342-87ad-4d9d-beb3-f5038ead5c66" testId="191e9052-d249-e026-1248-0673df8c9a19" testName="api.Tests.Dispatch.DispatchAccessControlTests.Anonymous_CannotCreateTrip" computerName="chamalsena" duration="00:00:00.3289612" startTime="2026-10-07T18:12:50.4103400+05:30" endTime="2026-10-07T18:12:50.7372944+05:30" testType="13cdc9d9-ddb5-4fa4-a97d-d965ccfc6d4b" outcome="Passed" testListId="8c84fa94-04c1-424b-9868-57a2d4851a1d" relativeResultsDirectory="345f1342-87ad-4d9d-beb3-f5038ead5c66" />
    <UnitTestResult executionId="49777c92-a68a-41a2-9cb5-506170f04ddb" testId="ffee88dd-e866-e33f-97d9-fc069a769740" testName="api.Tests.Bookings.FareAndPaymentAccessControlTests.Anonymous_CannotStartACheckoutForAnotherPassenger" computerName="chamalsena" duration="00:00:00.5359384" startTime="2026-10-07T18:12:49.1988466+05:30" endTime="2026-10-07T18:12:49.6802870+05:30" testType="13cdc9d9-ddb5-4fa4-a97d-d965ccfc6d4b" outcome="Failed" testListId="8c84fa94-04c1-424b-9868-57a2d4851a1d" relativeResultsDirectory="49777c92-a68a-41a2-9cb5-506170f04ddb">
      <Output>
        <ErrorInfo>
          <Message>Assert.Equal() Failure: Values differ
Expected: Unauthorized
Actual:   BadRequest</Message>
          <StackTrace>   at api.Tests.Bookings.FareAndPaymentAccessControlTests.Anonymous_CannotStartACheckoutForAnotherPassenger() in /home/chamal/dev/uptslk/apps/api.Tests/Bookings/FareAndPaymentAccessControlTests.cs:line 69
--- End of stack trace from previous location ---</StackTrace>
        </ErrorInfo>
      </Output>
    </UnitTestResult>
    <UnitTestResult executionId="b18cc274-eadb-45e2-9bb4-1e1c23180eb1" testId="ef5ab16b-2736-75fb-3486-390199b8678b" testName="api.Tests.Dispatch.DispatchAccessControlTests.Anonymous_CannotReadDriverDuties" computerName="chamalsena" duration="00:00:00.3298258" startTime="2026-10-07T18:12:51.0410519+05:30" endTime="2026-10-07T18:12:51.3709002+05:30" testType="13cdc9d9-ddb5-4fa4-a97d-d965ccfc6d4b" outcome="Passed" testListId="8c84fa94-04c1-424b-9868-57a2d4851a1d" relativeResultsDirectory="b18cc274-eadb-45e2-9bb4-1e1c23180eb1" />
    <UnitTestResult executionId="a92873dd-de8e-4a6d-9ae7-fc2556e6c9dc" testId="6bfc6074-bcd4-fa84-065f-c02830e847b5" testName="api.Tests.Bookings.FareAndPaymentAccessControlTests.Anonymous_CannotCreateAFareRule" computerName="chamalsena" duration="00:00:00.5565514" startTime="2026-10-07T18:12:49.6850618+05:30" endTime="2026-10-07T18:12:50.2379687+05:30" testType="13cdc9d9-ddb5-4fa4-a97d-d965ccfc6d4b" outcome="Failed" testListId="8c84fa94-04c1-424b-9868-57a2d4851a1d" relativeResultsDirectory="a92873dd-de8e-4a6d-9ae7-fc2556e6c9dc">
      <Output>
        <ErrorInfo>
          <Message>Assert.Equal() Failure: Values differ
Expected: Unauthorized
Actual:   Created</Message>
          <StackTrace>   at api.Tests.Bookings.FareAndPaymentAccessControlTests.Anonymous_CannotCreateAFareRule() in /home/chamal/dev/uptslk/apps/api.Tests/Bookings/FareAndPaymentAccessControlTests.cs:line 20
--- End of stack trace from previous location ---</StackTrace>
        </ErrorInfo>
      </Output>
    </UnitTestResult>
    <UnitTestResult executionId="b3790841-986b-43dc-91af-587c5b13c8b9" testId="497b22d7-5b23-a0cd-eff5-0056572858c0" testName="api.Tests.Dispatch.DispatchAccessControlTests.Commuter_CannotCancelTrip" computerName="chamalsena" duration="00:00:04.8238223" startTime="2026-10-07T18:12:44.3345469+05:30" endTime="2026-10-07T18:12:49.2004872+05:30" testType="13cdc9d9-ddb5-4fa4-a97d-d965ccfc6d4b" outcome="Passed" testListId="8c84fa94-04c1-424b-9868-57a2d4851a1d" relativeResultsDirectory="b3790841-986b-43dc-91af-587c5b13c8b9" />
    <UnitTestResult executionId="f85803e4-4970-45e7-9595-09ebecf22c90" testId="7bd94f69-eaeb-cdbe-b3cd-877c7e9b14b4" testName="api.Tests.Dispatch.DispatchAccessControlTests.Driver_CannotListIncidentsOfOtherTrips_ThroughGeneralApi" computerName="chamalsena" duration="00:00:00.3446498" startTime="2026-10-07T18:12:49.6905539+05:30" endTime="2026-10-07T18:12:50.0347946+05:30" testType="13cdc9d9-ddb5-4fa4-a97d-d965ccfc6d4b" outcome="Passed" testListId="8c84fa94-04c1-424b-9868-57a2d4851a1d" relativeResultsDirectory="f85803e4-4970-45e7-9595-09ebecf22c90" />
    <UnitTestResult executionId="3c0de8af-9e1a-452b-beda-224a8881847e" testId="86529990-45e8-8619-b499-b2f9026832a9" testName="api.Tests.Bookings.FareAndPaymentAccessControlTests.Commuter_CannotChangeAFare" computerName="chamalsena" duration="00:00:00.7528022" startTime="2026-10-07T18:12:50.2404980+05:30" endTime="2026-10-07T18:12:50.9921060+05:30" testType="13cdc9d9-ddb5-4fa4-a97d-d965ccfc6d4b" outcome="Failed" testListId="8c84fa94-04c1-424b-9868-57a2d4851a1d" relativeResultsDirectory="3c0de8af-9e1a-452b-beda-224a8881847e">
      <Output>
        <ErrorInfo>
          <Message>Assert.Equal() Failure: Values differ
Expected: Forbidden
Actual:   NoContent</Message>
          <StackTrace>   at api.Tests.Bookings.FareAndPaymentAccessControlTests.Commuter_CannotChangeAFare() in /home/chamal/dev/uptslk/apps/api.Tests/Bookings/FareAndPaymentAccessControlTests.cs:line 35
--- End of stack trace from previous location ---</StackTrace>
        </ErrorInfo>
      </Output>
    </UnitTestResult>
    <UnitTestResult executionId="e810eb99-c1d0-4397-b0df-0a0a22b484bb" testId="f37e6272-f1e6-a437-1aa1-79ba532e86fa" testName="api.Tests.Dispatch.DispatchAccessControlTests.Anonymous_CannotListDriversOrSeeTheirLicenseNumbers" computerName="chamalsena" duration="00:00:00.3718016" startTime="2026-10-07T18:12:50.0358212+05:30" endTime="2026-10-07T18:12:50.4075832+05:30" testType="13cdc9d9-ddb5-4fa4-a97d-d965ccfc6d4b" outcome="Failed" testListId="8c84fa94-04c1-424b-9868-57a2d4851a1d" relativeResultsDirectory="e810eb99-c1d0-4397-b0df-0a0a22b484bb">
      <Output>
        <ErrorInfo>
          <Message>Assert.Equal() Failure: Values differ
Expected: Unauthorized
Actual:   OK</Message>
          <StackTrace>   at api.Tests.Dispatch.DispatchAccessControlTests.Anonymous_CannotListDriversOrSeeTheirLicenseNumbers() in /home/chamal/dev/uptslk/apps/api.Tests/Dispatch/DispatchAccessControlTests.cs:line 77
--- End of stack trace from previous location ---</StackTrace>
        </ErrorInfo>
      </Output>
    </UnitTestResult>
    <UnitTestResult executionId="9d5c9a97-b628-46c9-838d-d5deb710a5b4" testId="f4d9b514-047e-6f22-a5e8-8e657006f98e" testName="api.Tests.Dispatch.DispatchAccessControlTests.Commuter_CannotReadADriversProfile" computerName="chamalsena" duration="00:00:00.5110211" startTime="2026-10-07T18:12:49.2051025+05:30" endTime="2026-10-07T18:12:49.6890870+05:30" testType="13cdc9d9-ddb5-4fa4-a97d-d965ccfc6d4b" outcome="Failed" testListId="8c84fa94-04c1-424b-9868-57a2d4851a1d" relativeResultsDirectory="9d5c9a97-b628-46c9-838d-d5deb710a5b4">
      <Output>
        <ErrorInfo>
          <Message>Assert.Equal() Failure: Values differ
Expected: Forbidden
Actual:   OK</Message>
          <StackTrace>   at api.Tests.Dispatch.DispatchAccessControlTests.Commuter_CannotReadADriversProfile() in /home/chamal/dev/uptslk/apps/api.Tests/Dispatch/DispatchAccessControlTests.cs:line 87
--- End of stack trace from previous location ---</StackTrace>
        </ErrorInfo>
      </Output>
    </UnitTestResult>
  </Results>
  <TestDefinitions>
    <UnitTest name="api.Tests.Dispatch.DispatchAccessControlTests.Anonymous_CannotListDriversOrSeeTheirLicenseNumbers" storage="/home/chamal/dev/uptslk/apps/api.tests/bin/debug/net8.0/api.tests.dll" id="f37e6272-f1e6-a437-1aa1-79ba532e86fa">
      <Execution id="e810eb99-c1d0-4397-b0df-0a0a22b484bb" />
      <TestMethod codeBase="/home/chamal/dev/uptslk/apps/api.Tests/bin/Debug/net8.0/api.Tests.dll" adapterTypeName="executor://xunit/VsTestRunner3/netcore/" className="api.Tests.Dispatch.DispatchAccessControlTests" name="Anonymous_CannotListDriversOrSeeTheirLicenseNumbers" />
    </UnitTest>
    <UnitTest name="api.Tests.Dispatch.DispatchAccessControlTests.Anonymous_CannotReadDriverDuties" storage="/home/chamal/dev/uptslk/apps/api.tests/bin/debug/net8.0/api.tests.dll" id="ef5ab16b-2736-75fb-3486-390199b8678b">
      <Execution id="b18cc274-eadb-45e2-9bb4-1e1c23180eb1" />
      <TestMethod codeBase="/home/chamal/dev/uptslk/apps/api.Tests/bin/Debug/net8.0/api.Tests.dll" adapterTypeName="executor://xunit/VsTestRunner3/netcore/" className="api.Tests.Dispatch.DispatchAccessControlTests" name="Anonymous_CannotReadDriverDuties" />
    </UnitTest>
    <UnitTest name="api.Tests.Bookings.FareAndPaymentAccessControlTests.Anonymous_CannotReadOrCreateSupportRequests" storage="/home/chamal/dev/uptslk/apps/api.tests/bin/debug/net8.0/api.tests.dll" id="2a1da0fd-8a39-7543-6acf-d3c409d257b6">
      <Execution id="7d7a146d-94e1-4785-a329-31080a7dc94f" />
      <TestMethod codeBase="/home/chamal/dev/uptslk/apps/api.Tests/bin/Debug/net8.0/api.Tests.dll" adapterTypeName="executor://xunit/VsTestRunner3/netcore/" className="api.Tests.Bookings.FareAndPaymentAccessControlTests" name="Anonymous_CannotReadOrCreateSupportRequests" />
    </UnitTest>
    <UnitTest name="api.Tests.Dispatch.DispatchAccessControlTests.Anonymous_CannotChangeTripStatus" storage="/home/chamal/dev/uptslk/apps/api.tests/bin/debug/net8.0/api.tests.dll" id="264082b7-3ad6-2058-a1e3-60374be0dbbc">
      <Execution id="7776bda9-004f-41b3-aaec-20425ee1238c" />
      <TestMethod codeBase="/home/chamal/dev/uptslk/apps/api.Tests/bin/Debug/net8.0/api.Tests.dll" adapterTypeName="executor://xunit/VsTestRunner3/netcore/" className="api.Tests.Dispatch.DispatchAccessControlTests" name="Anonymous_CannotChangeTripStatus" />
    </UnitTest>
    <UnitTest name="api.Tests.Dispatch.DispatchAccessControlTests.Anonymous_CannotCreateTrip" storage="/home/chamal/dev/uptslk/apps/api.tests/bin/debug/net8.0/api.tests.dll" id="191e9052-d249-e026-1248-0673df8c9a19">
      <Execution id="345f1342-87ad-4d9d-beb3-f5038ead5c66" />
      <TestMethod codeBase="/home/chamal/dev/uptslk/apps/api.Tests/bin/Debug/net8.0/api.Tests.dll" adapterTypeName="executor://xunit/VsTestRunner3/netcore/" className="api.Tests.Dispatch.DispatchAccessControlTests" name="Anonymous_CannotCreateTrip" />
    </UnitTest>
    <UnitTest name="api.Tests.Bookings.FareAndPaymentAccessControlTests.Anonymous_CannotCreateAFareRule" storage="/home/chamal/dev/uptslk/apps/api.tests/bin/debug/net8.0/api.tests.dll" id="6bfc6074-bcd4-fa84-065f-c02830e847b5">
      <Execution id="a92873dd-de8e-4a6d-9ae7-fc2556e6c9dc" />
      <TestMethod codeBase="/home/chamal/dev/uptslk/apps/api.Tests/bin/Debug/net8.0/api.Tests.dll" adapterTypeName="executor://xunit/VsTestRunner3/netcore/" className="api.Tests.Bookings.FareAndPaymentAccessControlTests" name="Anonymous_CannotCreateAFareRule" />
    </UnitTest>
    <UnitTest name="api.Tests.Bookings.FareAndPaymentAccessControlTests.Anonymous_CannotStartACheckoutForAnotherPassenger" storage="/home/chamal/dev/uptslk/apps/api.tests/bin/debug/net8.0/api.tests.dll" id="ffee88dd-e866-e33f-97d9-fc069a769740">
      <Execution id="49777c92-a68a-41a2-9cb5-506170f04ddb" />
      <TestMethod codeBase="/home/chamal/dev/uptslk/apps/api.Tests/bin/Debug/net8.0/api.Tests.dll" adapterTypeName="executor://xunit/VsTestRunner3/netcore/" className="api.Tests.Bookings.FareAndPaymentAccessControlTests" name="Anonymous_CannotStartACheckoutForAnotherPassenger" />
    </UnitTest>
    <UnitTest name="api.Tests.Dispatch.DispatchAccessControlTests.Commuter_CannotReadADriversProfile" storage="/home/chamal/dev/uptslk/apps/api.tests/bin/debug/net8.0/api.tests.dll" id="f4d9b514-047e-6f22-a5e8-8e657006f98e">
      <Execution id="9d5c9a97-b628-46c9-838d-d5deb710a5b4" />
      <TestMethod codeBase="/home/chamal/dev/uptslk/apps/api.Tests/bin/Debug/net8.0/api.Tests.dll" adapterTypeName="executor://xunit/VsTestRunner3/netcore/" className="api.Tests.Dispatch.DispatchAccessControlTests" name="Commuter_CannotReadADriversProfile" />
    </UnitTest>
    <UnitTest name="api.Tests.Dispatch.DispatchAccessControlTests.Driver_CannotListIncidentsOfOtherTrips_ThroughGeneralApi" storage="/home/chamal/dev/uptslk/apps/api.tests/bin/debug/net8.0/api.tests.dll" id="7bd94f69-eaeb-cdbe-b3cd-877c7e9b14b4">
      <Execution id="f85803e4-4970-45e7-9595-09ebecf22c90" />
      <TestMethod codeBase="/home/chamal/dev/uptslk/apps/api.Tests/bin/Debug/net8.0/api.Tests.dll" adapterTypeName="executor://xunit/VsTestRunner3/netcore/" className="api.Tests.Dispatch.DispatchAccessControlTests" name="Driver_CannotListIncidentsOfOtherTrips_ThroughGeneralApi" />
    </UnitTest>
    <UnitTest name="api.Tests.Bookings.FareAndPaymentAccessControlTests.Anonymous_CannotTriggerAPaymentRefund" storage="/home/chamal/dev/uptslk/apps/api.tests/bin/debug/net8.0/api.tests.dll" id="d773d54c-341c-c675-b03c-661082fa1954">
      <Execution id="afc045b8-2a47-47c8-9466-83f0992af09b" />
      <TestMethod codeBase="/home/chamal/dev/uptslk/apps/api.Tests/bin/Debug/net8.0/api.Tests.dll" adapterTypeName="executor://xunit/VsTestRunner3/netcore/" className="api.Tests.Bookings.FareAndPaymentAccessControlTests" name="Anonymous_CannotTriggerAPaymentRefund" />
    </UnitTest>
    <UnitTest name="api.Tests.Bookings.FareAndPaymentAccessControlTests.Commuter_CannotChangeAFare" storage="/home/chamal/dev/uptslk/apps/api.tests/bin/debug/net8.0/api.tests.dll" id="86529990-45e8-8619-b499-b2f9026832a9">
      <Execution id="3c0de8af-9e1a-452b-beda-224a8881847e" />
      <TestMethod codeBase="/home/chamal/dev/uptslk/apps/api.Tests/bin/Debug/net8.0/api.Tests.dll" adapterTypeName="executor://xunit/VsTestRunner3/netcore/" className="api.Tests.Bookings.FareAndPaymentAccessControlTests" name="Commuter_CannotChangeAFare" />
    </UnitTest>
    <UnitTest name="api.Tests.Bookings.FareAndPaymentAccessControlTests.Commuter_CannotTriggerAPaymentRefund" storage="/home/chamal/dev/uptslk/apps/api.tests/bin/debug/net8.0/api.tests.dll" id="acadef39-5ffa-024f-e38f-8841d191e181">
      <Execution id="2e682abf-ee61-4967-bcac-ea68e2ce34d0" />
      <TestMethod codeBase="/home/chamal/dev/uptslk/apps/api.Tests/bin/Debug/net8.0/api.Tests.dll" adapterTypeName="executor://xunit/VsTestRunner3/netcore/" className="api.Tests.Bookings.FareAndPaymentAccessControlTests" name="Commuter_CannotTriggerAPaymentRefund" />
    </UnitTest>
    <UnitTest name="api.Tests.Dispatch.DispatchAccessControlTests.Commuter_CannotCancelTrip" storage="/home/chamal/dev/uptslk/apps/api.tests/bin/debug/net8.0/api.tests.dll" id="497b22d7-5b23-a0cd-eff5-0056572858c0">
      <Execution id="b3790841-986b-43dc-91af-587c5b13c8b9" />
      <TestMethod codeBase="/home/chamal/dev/uptslk/apps/api.Tests/bin/Debug/net8.0/api.Tests.dll" adapterTypeName="executor://xunit/VsTestRunner3/netcore/" className="api.Tests.Dispatch.DispatchAccessControlTests" name="Commuter_CannotCancelTrip" />
    </UnitTest>
  </TestDefinitions>
  <TestEntries>
    <TestEntry testId="d773d54c-341c-c675-b03c-661082fa1954" executionId="afc045b8-2a47-47c8-9466-83f0992af09b" testListId="8c84fa94-04c1-424b-9868-57a2d4851a1d" />
    <TestEntry testId="acadef39-5ffa-024f-e38f-8841d191e181" executionId="2e682abf-ee61-4967-bcac-ea68e2ce34d0" testListId="8c84fa94-04c1-424b-9868-57a2d4851a1d" />
    <TestEntry testId="2a1da0fd-8a39-7543-6acf-d3c409d257b6" executionId="7d7a146d-94e1-4785-a329-31080a7dc94f" testListId="8c84fa94-04c1-424b-9868-57a2d4851a1d" />
    <TestEntry testId="264082b7-3ad6-2058-a1e3-60374be0dbbc" executionId="7776bda9-004f-41b3-aaec-20425ee1238c" testListId="8c84fa94-04c1-424b-9868-57a2d4851a1d" />
    <TestEntry testId="191e9052-d249-e026-1248-0673df8c9a19" executionId="345f1342-87ad-4d9d-beb3-f5038ead5c66" testListId="8c84fa94-04c1-424b-9868-57a2d4851a1d" />
    <TestEntry testId="ffee88dd-e866-e33f-97d9-fc069a769740" executionId="49777c92-a68a-41a2-9cb5-506170f04ddb" testListId="8c84fa94-04c1-424b-9868-57a2d4851a1d" />
    <TestEntry testId="ef5ab16b-2736-75fb-3486-390199b8678b" executionId="b18cc274-eadb-45e2-9bb4-1e1c23180eb1" testListId="8c84fa94-04c1-424b-9868-57a2d4851a1d" />
    <TestEntry testId="6bfc6074-bcd4-fa84-065f-c02830e847b5" executionId="a92873dd-de8e-4a6d-9ae7-fc2556e6c9dc" testListId="8c84fa94-04c1-424b-9868-57a2d4851a1d" />
    <TestEntry testId="497b22d7-5b23-a0cd-eff5-0056572858c0" executionId="b3790841-986b-43dc-91af-587c5b13c8b9" testListId="8c84fa94-04c1-424b-9868-57a2d4851a1d" />
    <TestEntry testId="7bd94f69-eaeb-cdbe-b3cd-877c7e9b14b4" executionId="f85803e4-4970-45e7-9595-09ebecf22c90" testListId="8c84fa94-04c1-424b-9868-57a2d4851a1d" />
    <TestEntry testId="86529990-45e8-8619-b499-b2f9026832a9" executionId="3c0de8af-9e1a-452b-beda-224a8881847e" testListId="8c84fa94-04c1-424b-9868-57a2d4851a1d" />
    <TestEntry testId="f37e6272-f1e6-a437-1aa1-79ba532e86fa" executionId="e810eb99-c1d0-4397-b0df-0a0a22b484bb" testListId="8c84fa94-04c1-424b-9868-57a2d4851a1d" />
    <TestEntry testId="f4d9b514-047e-6f22-a5e8-8e657006f98e" executionId="9d5c9a97-b628-46c9-838d-d5deb710a5b4" testListId="8c84fa94-04c1-424b-9868-57a2d4851a1d" />
  </TestEntries>
  <TestLists>
    <TestList name="Results Not in a List" id="8c84fa94-04c1-424b-9868-57a2d4851a1d" />
    <TestList name="All Loaded Results" id="19431567-8539-422a-85d7-44ee4e166bda" />
  </TestLists>
  <ResultSummary outcome="Failed">
    <Counters total="13" executed="13" passed="5" failed="8" error="0" timeout="0" aborted="0" inconclusive="0" passedButRunAborted="0" notRunnable="0" notExecuted="0" disconnected="0" warning="0" completed="0" inProgress="0" pending="0" />
    <Output>
      <StdOut>[xUnit.net 00:00:00.00] xUnit.net VSTest Adapter v3.1.5+1b188a7b0a (64-bit .NET 8.0.30)
[xUnit.net 00:00:00.29]   Discovering: api.Tests
[xUnit.net 00:00:00.60]   Discovered:  api.Tests
[xUnit.net 00:00:00.66]   Starting:    api.Tests
[xUnit.net 00:00:05.54]       Assert.Equal() Failure: Values differ
[xUnit.net 00:00:05.54]       Expected: Forbidden
[xUnit.net 00:00:05.54]       Actual:   NotFound
[xUnit.net 00:00:05.54]       Stack Trace:
[xUnit.net 00:00:05.54]         /home/chamal/dev/uptslk/apps/api.Tests/Bookings/FareAndPaymentAccessControlTests.cs(58,0): at api.Tests.Bookings.FareAndPaymentAccessControlTests.Commuter_CannotTriggerAPaymentRefund()
[xUnit.net 00:00:05.54]         --- End of stack trace from previous location ---
[xUnit.net 00:00:06.07]       Assert.Equal() Failure: Values differ
[xUnit.net 00:00:06.07]       Expected: Unauthorized
[xUnit.net 00:00:06.07]       Actual:   BadRequest
[xUnit.net 00:00:06.07]       Stack Trace:
[xUnit.net 00:00:06.07]         /home/chamal/dev/uptslk/apps/api.Tests/Bookings/FareAndPaymentAccessControlTests.cs(69,0): at api.Tests.Bookings.FareAndPaymentAccessControlTests.Anonymous_CannotStartACheckoutForAnotherPassenger()
[xUnit.net 00:00:06.07]         --- End of stack trace from previous location ---
[xUnit.net 00:00:06.08]       Assert.Equal() Failure: Values differ
[xUnit.net 00:00:06.08]       Expected: Forbidden
[xUnit.net 00:00:06.08]       Actual:   OK
[xUnit.net 00:00:06.08]       Stack Trace:
[xUnit.net 00:00:06.08]         /home/chamal/dev/uptslk/apps/api.Tests/Dispatch/DispatchAccessControlTests.cs(87,0): at api.Tests.Dispatch.DispatchAccessControlTests.Commuter_CannotReadADriversProfile()
[xUnit.net 00:00:06.08]         --- End of stack trace from previous location ---
[xUnit.net 00:00:06.63]       Assert.Equal() Failure: Values differ
[xUnit.net 00:00:06.63]       Expected: Unauthorized
[xUnit.net 00:00:06.63]       Actual:   Created
[xUnit.net 00:00:06.63]       Stack Trace:
[xUnit.net 00:00:06.63]         /home/chamal/dev/uptslk/apps/api.Tests/Bookings/FareAndPaymentAccessControlTests.cs(20,0): at api.Tests.Bookings.FareAndPaymentAccessControlTests.Anonymous_CannotCreateAFareRule()
[xUnit.net 00:00:06.63]         --- End of stack trace from previous location ---
[xUnit.net 00:00:06.80]       Assert.Equal() Failure: Values differ
[xUnit.net 00:00:06.80]       Expected: Unauthorized
[xUnit.net 00:00:06.80]       Actual:   OK
[xUnit.net 00:00:06.80]       Stack Trace:
[xUnit.net 00:00:06.80]         /home/chamal/dev/uptslk/apps/api.Tests/Dispatch/DispatchAccessControlTests.cs(77,0): at api.Tests.Dispatch.DispatchAccessControlTests.Anonymous_CannotListDriversOrSeeTheirLicenseNumbers()
[xUnit.net 00:00:06.80]         --- End of stack trace from previous location ---
[xUnit.net 00:00:07.38]       Assert.Equal() Failure: Values differ
[xUnit.net 00:00:07.39]       Expected: Forbidden
[xUnit.net 00:00:07.39]       Actual:   NoContent
[xUnit.net 00:00:07.39]       Stack Trace:
[xUnit.net 00:00:07.39]         /home/chamal/dev/uptslk/apps/api.Tests/Bookings/FareAndPaymentAccessControlTests.cs(35,0): at api.Tests.Bookings.FareAndPaymentAccessControlTests.Commuter_CannotChangeAFare()
[xUnit.net 00:00:07.39]         --- End of stack trace from previous location ---
[xUnit.net 00:00:07.85]       Assert.Equal() Failure: Values differ
[xUnit.net 00:00:07.86]       Expected: Unauthorized
[xUnit.net 00:00:07.86]       Actual:   OK
[xUnit.net 00:00:07.86]       Stack Trace:
[xUnit.net 00:00:07.86]         /home/chamal/dev/uptslk/apps/api.Tests/Bookings/FareAndPaymentAccessControlTests.cs(81,0): at api.Tests.Bookings.FareAndPaymentAccessControlTests.Anonymous_CannotReadOrCreateSupportRequests()
[xUnit.net 00:00:07.86]         --- End of stack trace from previous location ---
[xUnit.net 00:00:08.16]       Assert.Equal() Failure: Values differ
[xUnit.net 00:00:08.16]       Expected: Unauthorized
[xUnit.net 00:00:08.16]       Actual:   NotFound
[xUnit.net 00:00:08.16]       Stack Trace:
[xUnit.net 00:00:08.16]         /home/chamal/dev/uptslk/apps/api.Tests/Bookings/FareAndPaymentAccessControlTests.cs(47,0): at api.Tests.Bookings.FareAndPaymentAccessControlTests.Anonymous_CannotTriggerAPaymentRefund()
[xUnit.net 00:00:08.16]         --- End of stack trace from previous location ---
[xUnit.net 00:00:08.17]   Finished:    api.Tests
</StdOut>
    </Output>
    <RunInfos>
      <RunInfo computerName="chamalsena" outcome="Error" timestamp="2026-10-07T18:12:49.1455158+05:30">
        <Text>[xUnit.net 00:00:05.54]     api.Tests.Bookings.FareAndPaymentAccessControlTests.Commuter_CannotTriggerAPaymentRefund [FAIL]</Text>
      </RunInfo>
      <RunInfo computerName="chamalsena" outcome="Error" timestamp="2026-10-07T18:12:49.6816600+05:30">
        <Text>[xUnit.net 00:00:06.07]     api.Tests.Bookings.FareAndPaymentAccessControlTests.Anonymous_CannotStartACheckoutForAnotherPassenger [FAIL]</Text>
      </RunInfo>
      <RunInfo computerName="chamalsena" outcome="Error" timestamp="2026-10-07T18:12:49.6895884+05:30">
        <Text>[xUnit.net 00:00:06.08]     api.Tests.Dispatch.DispatchAccessControlTests.Commuter_CannotReadADriversProfile [FAIL]</Text>
      </RunInfo>
      <RunInfo computerName="chamalsena" outcome="Error" timestamp="2026-10-07T18:12:50.2385579+05:30">
        <Text>[xUnit.net 00:00:06.63]     api.Tests.Bookings.FareAndPaymentAccessControlTests.Anonymous_CannotCreateAFareRule [FAIL]</Text>
      </RunInfo>
      <RunInfo computerName="chamalsena" outcome="Error" timestamp="2026-10-07T18:12:50.4082793+05:30">
        <Text>[xUnit.net 00:00:06.80]     api.Tests.Dispatch.DispatchAccessControlTests.Anonymous_CannotListDriversOrSeeTheirLicenseNumbers [FAIL]</Text>
      </RunInfo>
      <RunInfo computerName="chamalsena" outcome="Error" timestamp="2026-10-07T18:12:50.9926195+05:30">
        <Text>[xUnit.net 00:00:07.38]     api.Tests.Bookings.FareAndPaymentAccessControlTests.Commuter_CannotChangeAFare [FAIL]</Text>
      </RunInfo>
      <RunInfo computerName="chamalsena" outcome="Error" timestamp="2026-10-07T18:12:51.4631663+05:30">
        <Text>[xUnit.net 00:00:07.85]     api.Tests.Bookings.FareAndPaymentAccessControlTests.Anonymous_CannotReadOrCreateSupportRequests [FAIL]</Text>
      </RunInfo>
      <RunInfo computerName="chamalsena" outcome="Error" timestamp="2026-10-07T18:12:51.7668014+05:30">
        <Text>[xUnit.net 00:00:08.16]     api.Tests.Bookings.FareAndPaymentAccessControlTests.Anonymous_CannotTriggerAPaymentRefund [FAIL]</Text>
      </RunInfo>
    </RunInfos>
  </ResultSummary>
</TestRun>